Component: ARM Compiler 5.06 update 7 (build 960) Tool: armlink [4d3601]

==============================================================================

Section Cross References

    systick.o(i.SysTick_Wait100us) refers to systick.o(i.SysTick_Wait) for SysTick_Wait
    systick.o(i.SysTick_Wait10ms) refers to systick.o(i.SysTick_Wait) for SysTick_Wait
    vl53l1_platform_2dx4.o(i.VL53L1_RdByte) refers to vl53l1_platform_2dx4.o(i.beginTxI2C) for beginTxI2C
    vl53l1_platform_2dx4.o(i.VL53L1_RdByte) refers to vl53l1_platform_2dx4.o(i.writeRegisterIndex) for writeRegisterIndex
    vl53l1_platform_2dx4.o(i.VL53L1_RdByte) refers to vl53l1_platform_2dx4.o(i.beginRxI2C) for beginRxI2C
    vl53l1_platform_2dx4.o(i.VL53L1_RdByte) refers to vl53l1_platform_2dx4.o(i.readI2C) for readI2C
    vl53l1_platform_2dx4.o(i.VL53L1_RdDWord) refers to vl53l1_platform_2dx4.o(i.beginTxI2C) for beginTxI2C
    vl53l1_platform_2dx4.o(i.VL53L1_RdDWord) refers to vl53l1_platform_2dx4.o(i.writeRegisterIndex) for writeRegisterIndex
    vl53l1_platform_2dx4.o(i.VL53L1_RdDWord) refers to vl53l1_platform_2dx4.o(i.beginRxI2C) for beginRxI2C
    vl53l1_platform_2dx4.o(i.VL53L1_RdDWord) refers to vl53l1_platform_2dx4.o(i.readI2C) for readI2C
    vl53l1_platform_2dx4.o(i.VL53L1_RdWord) refers to vl53l1_platform_2dx4.o(i.beginTxI2C) for beginTxI2C
    vl53l1_platform_2dx4.o(i.VL53L1_RdWord) refers to vl53l1_platform_2dx4.o(i.writeRegisterIndex) for writeRegisterIndex
    vl53l1_platform_2dx4.o(i.VL53L1_RdWord) refers to vl53l1_platform_2dx4.o(i.beginRxI2C) for beginRxI2C
    vl53l1_platform_2dx4.o(i.VL53L1_RdWord) refers to vl53l1_platform_2dx4.o(i.readI2C) for readI2C
    vl53l1_platform_2dx4.o(i.VL53L1_ReadMulti) refers to vl53l1_platform_2dx4.o(i.beginTxI2C) for beginTxI2C
    vl53l1_platform_2dx4.o(i.VL53L1_ReadMulti) refers to vl53l1_platform_2dx4.o(i.writeRegisterIndex) for writeRegisterIndex
    vl53l1_platform_2dx4.o(i.VL53L1_ReadMulti) refers to vl53l1_platform_2dx4.o(i.beginRxI2C) for beginRxI2C
    vl53l1_platform_2dx4.o(i.VL53L1_ReadMulti) refers to vl53l1_platform_2dx4.o(i.readI2C) for readI2C
    vl53l1_platform_2dx4.o(i.VL53L1_WaitMs) refers to systick.o(i.SysTick_Wait) for SysTick_Wait
    vl53l1_platform_2dx4.o(i.VL53L1_WrByte) refers to vl53l1_platform_2dx4.o(i.beginTxI2C) for beginTxI2C
    vl53l1_platform_2dx4.o(i.VL53L1_WrByte) refers to vl53l1_platform_2dx4.o(i.writeRegisterIndex_nostop) for writeRegisterIndex_nostop
    vl53l1_platform_2dx4.o(i.VL53L1_WrByte) refers to vl53l1_platform_2dx4.o(i.writeI2C) for writeI2C
    vl53l1_platform_2dx4.o(i.VL53L1_WrDWord) refers to vl53l1_platform_2dx4.o(i.beginTxI2C) for beginTxI2C
    vl53l1_platform_2dx4.o(i.VL53L1_WrDWord) refers to vl53l1_platform_2dx4.o(i.writeRegisterIndex) for writeRegisterIndex
    vl53l1_platform_2dx4.o(i.VL53L1_WrDWord) refers to vl53l1_platform_2dx4.o(i.writeI2C) for writeI2C
    vl53l1_platform_2dx4.o(i.VL53L1_WrWord) refers to vl53l1_platform_2dx4.o(i.beginTxI2C) for beginTxI2C
    vl53l1_platform_2dx4.o(i.VL53L1_WrWord) refers to vl53l1_platform_2dx4.o(i.writeRegisterIndex) for writeRegisterIndex
    vl53l1_platform_2dx4.o(i.VL53L1_WrWord) refers to vl53l1_platform_2dx4.o(i.writeI2C) for writeI2C
    vl53l1_platform_2dx4.o(i.VL53L1_WriteMulti) refers to vl53l1_platform_2dx4.o(i.beginTxI2C) for beginTxI2C
    vl53l1_platform_2dx4.o(i.VL53L1_WriteMulti) refers to vl53l1_platform_2dx4.o(i.writeRegisterIndex) for writeRegisterIndex
    vl53l1_platform_2dx4.o(i.VL53L1_WriteMulti) refers to vl53l1_platform_2dx4.o(i.writeI2C) for writeI2C
    vl53l1_platform_2dx4.o(i.readI2C) refers to onboardleds.o(i.FlashI2CRx) for FlashI2CRx
    vl53l1_platform_2dx4.o(i.readI2C) refers to onboardleds.o(i.FlashI2CError) for FlashI2CError
    vl53l1_platform_2dx4.o(i.writeI2C) refers to onboardleds.o(i.FlashI2CTx) for FlashI2CTx
    vl53l1_platform_2dx4.o(i.writeI2C) refers to onboardleds.o(i.FlashI2CError) for FlashI2CError
    vl53l1_platform_2dx4.o(i.writeRegisterIndex) refers to onboardleds.o(i.FlashI2CTx) for FlashI2CTx
    vl53l1_platform_2dx4.o(i.writeRegisterIndex) refers to onboardleds.o(i.FlashI2CError) for FlashI2CError
    vl53l1_platform_2dx4.o(i.writeRegisterIndex_nostop) refers to onboardleds.o(i.FlashI2CTx) for FlashI2CTx
    vl53l1_platform_2dx4.o(i.writeRegisterIndex_nostop) refers to onboardleds.o(i.FlashI2CError) for FlashI2CError
    vl53l1x_api.o(i.VL53L1X_BootState) refers to vl53l1_platform_2dx4.o(i.VL53L1_RdByte) for VL53L1_RdByte
    vl53l1x_api.o(i.VL53L1X_CheckForDataReady) refers to vl53l1x_api.o(i.VL53L1X_GetInterruptPolarity) for VL53L1X_GetInterruptPolarity
    vl53l1x_api.o(i.VL53L1X_CheckForDataReady) refers to vl53l1_platform_2dx4.o(i.VL53L1_RdByte) for VL53L1_RdByte
    vl53l1x_api.o(i.VL53L1X_ClearInterrupt) refers to vl53l1_platform_2dx4.o(i.VL53L1_WrByte) for VL53L1_WrByte
    vl53l1x_api.o(i.VL53L1X_GetAmbientPerSpad) refers to vl53l1_platform_2dx4.o(i.VL53L1_RdWord) for VL53L1_RdWord
[...]
    ../fplib/dfix.s                          0x00000000   Number         0  dfix.o ABSOLUTE
    ../fplib/dfixu.s                         0x00000000   Number         0  dfixu.o ABSOLUTE
    ../fplib/dflt.s                          0x00000000   Number         0  dflt_clz.o ABSOLUTE
    ../fplib/dleqf.s                         0x00000000   Number         0  dleqf.o ABSOLUTE
    ../fplib/dmul.s                          0x00000000   Number         0  dmul.o ABSOLUTE
    ../fplib/dnaninf.s                       0x00000000   Number         0  dnaninf.o ABSOLUTE
    ../fplib/dretinf.s                       0x00000000   Number         0  dretinf.o ABSOLUTE
    ../fplib/drleqf.s                        0x00000000   Number         0  drleqf.o ABSOLUTE
    ../fplib/drnd.s                          0x00000000   Number         0  drnd.o ABSOLUTE
    ../fplib/fpinit.s                        0x00000000   Number         0  fpinit.o ABSOLUTE
    ../fplib/istatus.s                       0x00000000   Number         0  istatus.o ABSOLUTE
    ../fplib/printf1.s                       0x00000000   Number         0  printf1.o ABSOLUTE
    ../fplib/usenofp.s                       0x00000000   Number         0  usenofp.o ABSOLUTE
    ../mathlib/cos.c                         0x00000000   Number         0  cos_x.o ABSOLUTE
    ../mathlib/cos.c                         0x00000000   Number         0  cos.o ABSOLUTE
    ../mathlib/cos_i.c                       0x00000000   Number         0  cos_i.o ABSOLUTE
    ../mathlib/dunder.c                      0x00000000   Number         0  dunder.o ABSOLUTE
    ../mathlib/fabs.c                        0x00000000   Number         0  fabs.o ABSOLUTE
    ../mathlib/fpclassify.c                  0x00000000   Number         0  fpclassify.o ABSOLUTE
    ../mathlib/poly.c                        0x00000000   Number         0  poly.o ABSOLUTE
    ../mathlib/round.c                       0x00000000   Number         0  round.o ABSOLUTE
    ../mathlib/rred.c                        0x00000000   Number         0  rred.o ABSOLUTE
    ../mathlib/sin.c                         0x00000000   Number         0  sin.o ABSOLUTE
    ../mathlib/sin.c                         0x00000000   Number         0  sin_x.o ABSOLUTE
    ../mathlib/sin_i.c                       0x00000000   Number         0  sin_i_x.o ABSOLUTE
    ../mathlib/sin_i.c                       0x00000000   Number         0  sin_i.o ABSOLUTE
    2dx_studio_8c.c                          0x00000000   Number         0  2dx_studio_8c.o ABSOLUTE
    PLL.c                                    0x00000000   Number         0  pll.o ABSOLUTE
    RTE\Device\MSP432E401Y\startup_msp432e401y_uvision.s 0x00000000   Number         0  startup_msp432e401y_uvision.o ABSOLUTE
    RTE\Device\MSP432E401Y\system_msp432e401y.c 0x00000000   Number         0  system_msp432e401y.o ABSOLUTE
    RTE\\Device\\MSP432E401Y\\system_msp432e401y.c 0x00000000   Number         0  system_msp432e401y.o ABSOLUTE
    SysTick.c                                0x00000000   Number         0  systick.o ABSOLUTE
    VL53L1X_api.c                            0x00000000   Number         0  vl53l1x_api.o ABSOLUTE
    dc.s                                     0x00000000   Number         0  dc.o ABSOLUTE
    onboardLEDs.c                            0x00000000   Number         0  onboardleds.o ABSOLUTE
    uart.c                                   0x00000000   Number         0  uart.o ABSOLUTE
    vl53l1_platform_2dx4.c                   0x00000000   Number         0  vl53l1_platform_2dx4.o ABSOLUTE
    !!!main                                  0x000001fc   Section        8  __main.o(!!!main)
    !!!scatter                               0x00000204   Section       52  __scatter.o(!!!scatter)
    !!handler_copy                           0x00000238   Section       26  __scatter_copy.o(!!handler_copy)
    !!handler_zi                             0x00000254   Section       28  __scatter_zi.o(!!handler_zi)
    .ARM.Collect$$_printf_percent$$00000000  0x00000270   Section        0  _printf_percent.o(.ARM.Collect$$_printf_percent$$00000000)
    .ARM.Collect$$_printf_percent$$00000003  0x00000270   Section        6  _printf_f.o(.ARM.Collect$$_printf_percent$$00000003)
    .ARM.Collect$$_printf_percent$$00000009  0x00000276   Section        6  _printf_d.o(.ARM.Collect$$_printf_percent$$00000009)
    .ARM.Collect$$_printf_percent$$0000000A  0x0000027c   Section        6  _printf_u.o(.ARM.Collect$$_printf_percent$$0000000A)
    .ARM.Collect$$_printf_percent$$00000017  0x00000282   Section        4  _printf_percent_end.o(.ARM.Collect$$_printf_percent$$00000017)
    .ARM.Collect$$libinit$$00000000          0x00000286   Section        2  libinit.o(.ARM.Collect$$libinit$$00000000)
    .ARM.Collect$$libinit$$00000001          0x00000288   Section        4  libinit2.o(.ARM.Collect$$libinit$$00000001)
    .ARM.Collect$$libinit$$00000004          0x0000028c   Section        0  libinit2.o(.ARM.Collect$$libinit$$00000004)
    .ARM.Collect$$libinit$$0000000A          0x0000028c   Section        0  libinit2.o(.ARM.Collect$$libinit$$0000000A)
    .ARM.Collect$$libinit$$0000000C          0x0000028c   Section        0  libinit2.o(.ARM.Collect$$libinit$$0000000C)
    .ARM.Collect$$libinit$$0000000E          0x0000028c   Section        0  libinit2.o(.ARM.Collect$$libinit$$0000000E)
    .ARM.Collect$$libinit$$0000000F          0x0000028c   Section        6  libinit2.o(.ARM.Collect$$libinit$$0000000F)
    .ARM.Collect$$libinit$$00000011          0x00000292   Section        0  libinit2.o(.ARM.Collect$$libinit$$00000011)
    .ARM.Collect$$libinit$$00000013          0x00000292   Section        0  libinit2.o(.ARM.Collect$$libinit$$00000013)
    .ARM.Collect$$libinit$$00000015          0x00000292   Section        0  libinit2.o(.ARM.Collect$$libinit$$00000015)
    .ARM.Collect$$libinit$$00000016          0x00000292   Section       10  libinit2.o(.ARM.Collect$$libinit$$00000016)
    .ARM.Collect$$libinit$$00000017          0x0000029c   Section        0  libinit2.o(.ARM.Collect$$libinit$$00000017)
    .ARM.Collect$$libinit$$00000019          0x0000029c   Section        0  libinit2.o(.ARM.Collect$$libinit$$00000019)
    .ARM.Collect$$libinit$$0000001B          0x0000029c   Section        0  libinit2.o(.ARM.Collect$$libinit$$0000001B)
    .ARM.Collect$$libinit$$0000001D          0x0000029c   Section        0  libinit2.o(.ARM.Collect$$libinit$$0000001D)
    .ARM.Collect$$libinit$$0000001F          0x0000029c   Section        0  libinit2.o(.ARM.Collect$$libinit$$0000001F)
    .ARM.Collect$$libinit$$00000021          0x0000029c   Section        0  libinit2.o(.ARM.Collect$$libinit$$00000021)
    .ARM.Collect$$libinit$$00000023          0x0000029c   Section        0  libinit2.o(.ARM.Collect$$libinit$$00000023)
    .ARM.Collect$$libinit$$00000025          0x0000029c   Section        0  libinit2.o(.ARM.Collect$$libinit$$00000025)
    .ARM.Collect$$libinit$$0000002C          0x0000029c   Section        0  libinit2.o(.ARM.Collect$$libinit$$0000002C)
    .ARM.Collect$$libinit$$0000002E          0x0000029c   Section        0  libinit2.o(.ARM.Collect$$libinit$$0000002E)
    .ARM.Collect$$libinit$$00000030          0x0000029c   Section        0  libinit2.o(.ARM.Collect$$libinit$$00000030)
    .ARM.Collect$$libinit$$00000032          0x0000029c   Section        0  libinit2.o(.ARM.Collect$$libinit$$00000032)
    .ARM.Collect$$libinit$$00000033          0x0000029c   Section        2  libinit2.o(.ARM.Collect$$libinit$$00000033)
    .ARM.Collect$$libshutdown$$00000000      0x0000029e   Section        2  libshutdown.o(.ARM.Collect$$libshutdown$$00000000)
    .ARM.Collect$$libshutdown$$00000002      0x000002a0   Section        0  libshutdown2.o(.ARM.Collect$$libshutdown$$00000002)
    .ARM.Collect$$libshutdown$$00000004      0x000002a0   Section        0  libshutdown2.o(.ARM.Collect$$libshutdown$$00000004)
    .ARM.Collect$$libshutdown$$00000006      0x000002a0   Section        0  libshutdown2.o(.ARM.Collect$$libshutdown$$00000006)
    .ARM.Collect$$libshutdown$$00000009      0x000002a0   Section        0  libshutdown2.o(.ARM.Collect$$libshutdown$$00000009)
    .ARM.Collect$$libshutdown$$0000000C      0x000002a0   Section        0  libshutdown2.o(.ARM.Collect$$libshutdown$$0000000C)
    .ARM.Collect$$libshutdown$$0000000E      0x000002a0   Section        0  libshutdown2.o(.ARM.Collect$$libshutdown$$0000000E)
    .ARM.Collect$$libshutdown$$00000011      0x000002a0   Section        0  libshutdown2.o(.ARM.Collect$$libshutdown$$00000011)
    .ARM.Collect$$libshutdown$$00000012      0x000002a0   Section        2  libshutdown2.o(.ARM.Collect$$libshutdown$$00000012)
    .ARM.Collect$$rtentry$$00000000          0x000002a2   Section        0  __rtentry.o(.ARM.Collect$$rtentry$$00000000)
    .ARM.Collect$$rtentry$$00000002          0x000002a2   Section        0  __rtentry2.o(.ARM.Collect$$rtentry$$00000002)
    .ARM.Collect$$rtentry$$00000004          0x000002a2   Section        6  __rtentry4.o(.ARM.Collect$$rtentry$$00000004)
    .ARM.Collect$$rtentry$$00000009          0x000002a8   Section        0  __rtentry2.o(.ARM.Collect$$rtentry$$00000009)
    .ARM.Collect$$rtentry$$0000000A          0x000002a8   Section        4  __rtentry2.o(.ARM.Collect$$rtentry$$0000000A)
    .ARM.Collect$$rtentry$$0000000C          0x000002ac   Section        0  __rtentry2.o(.ARM.Collect$$rtentry$$0000000C)
    .ARM.Collect$$rtentry$$0000000D          0x000002ac   Section        8  __rtentry2.o(.ARM.Collect$$rtentry$$0000000D)
    .ARM.Collect$$rtexit$$00000000           0x000002b4   Section        2  rtexit.o(.ARM.Collect$$rtexit$$00000000)
    .ARM.Collect$$rtexit$$00000002           0x000002b6   Section        0  rtexit2.o(.ARM.Collect$$rtexit$$00000002)
    .ARM.Collect$$rtexit$$00000003           0x000002b6   Section        4  rtexit2.o(.ARM.Collect$$rtexit$$00000003)
    .ARM.Collect$$rtexit$$00000004           0x000002ba   Section        6  rtexit2.o(.ARM.Collect$$rtexit$$00000004)
    .text                                    0x000002c0   Section       60  startup_msp432e401y_uvision.o(.text)
    $v0                                      0x000002c0   Number         0  startup_msp432e401y_uvision.o(.text)
    .text                                    0x000002fc   Section        0  noretval__2sprintf.o(.text)
    .text                                    0x00000324   Section        0  __printf.o(.text)
    .text                                    0x0000038c   Section        0  _printf_dec.o(.text)
    .text                                    0x00000404   Section        0  heapauxi.o(.text)
    .text                                    0x0000040a   Section        0  _rserrno.o(.text)
    .text                                    0x00000420   Section        0  _printf_intcommon.o(.text)
    .text                                    0x000004d2   Section        0  _printf_fp_dec.o(.text)
    _fp_digits                               0x000004d5   Thumb Code   432  _printf_fp_dec.o(.text)
    .text                                    0x000008f0   Section        0  _printf_char_common.o(.text)
    _printf_input_char                       0x000008f1   Thumb Code    10  _printf_char_common.o(.text)
    .text                                    0x00000920   Section        0  _sputc.o(.text)
    .text                                    0x0000092c   Section        8  rt_locale_intlibspace.o(.text)
    .text                                    0x00000934   Section        8  rt_errno_addr_intlibspace.o(.text)
    .text                                    0x0000093c   Section      138  lludiv10.o(.text)
    .text                                    0x000009c8   Section        0  _printf_fp_infnan.o(.text)
    .text                                    0x00000a48   Section        0  bigflt0.o(.text)
    .text                                    0x00000b2c   Section        8  libspace.o(.text)
    .text                                    0x00000b34   Section       74  sys_stackheap_outer.o(.text)
    .text                                    0x00000b7e   Section        0  exit.o(.text)
    .text                                    0x00000b90   Section      128  strcmpv7m.o(.text)
    .text                                    0x00000c10   Section        0  sys_exit.o(.text)
    .text                                    0x00000c1c   Section        2  use_no_semi.o(.text)
    .text                                    0x00000c1e   Section        0  indicate_semi.o(.text)
    CL$$btod_d2e                             0x00000c1e   Section       62  btod.o(CL$$btod_d2e)
    CL$$btod_d2e_denorm_low                  0x00000c5c   Section       70  btod.o(CL$$btod_d2e_denorm_low)
    CL$$btod_d2e_norm_op1                    0x00000ca2   Section       96  btod.o(CL$$btod_d2e_norm_op1)
    CL$$btod_div_common                      0x00000d02   Section      824  btod.o(CL$$btod_div_common)
    CL$$btod_e2e                             0x0000103a   Section      220  btod.o(CL$$btod_e2e)
    CL$$btod_ediv                            0x00001116   Section       42  btod.o(CL$$btod_ediv)
    CL$$btod_emul                            0x00001140   Section       42  btod.o(CL$$btod_emul)
    CL$$btod_mult_common                     0x0000116a   Section      580  btod.o(CL$$btod_mult_common)
    i.FlashAllLEDs                           0x000013b0   Section        0  onboardleds.o(i.FlashAllLEDs)
    i.FlashI2CError                          0x0000140c   Section        0  onboardleds.o(i.FlashI2CError)
    i.FlashI2CRx                             0x00001420   Section        0  onboardleds.o(i.FlashI2CRx)
    i.FlashI2CTx                             0x0000142a   Section        0  onboardleds.o(i.FlashI2CTx)
    i.FlashLED1                              0x00001434   Section        0  onboardleds.o(i.FlashLED1)
    i.FlashLED2                              0x00001478   Section        0  onboardleds.o(i.FlashLED2)
    i.FlashLED3                              0x000014bc   Section        0  onboardleds.o(i.FlashLED3)
    i.FlashLED4                              0x00001500   Section        0  onboardleds.o(i.FlashLED4)
    i.I2C_Init                               0x00001544   Section        0  2dx_studio_8c.o(i.I2C_Init)
    i.PLL_Init                               0x000015d0   Section        0  pll.o(i.PLL_Init)
    i.PortE_Init                             0x000016e8   Section        0  2dx_studio_8c.o(i.PortE_Init)
    i.PortF0F4_Init                          0x00001720   Section        0  2dx_studio_8c.o(i.PortF0F4_Init)
    i.PortH_Init                             0x00001758   Section        0  2dx_studio_8c.o(i.PortH_Init)
    i.PortN0N1_Init                          0x000017bc   Section        0  2dx_studio_8c.o(i.PortN0N1_Init)
    i.Status_Check                           0x000017f4   Section        0  uart.o(i.Status_Check)
    i.SysTick_Init                           0x0000184c   Section        0  systick.o(i.SysTick_Init)
    i.SysTick_Wait                           0x00001864   Section        0  systick.o(i.SysTick_Wait)
    i.SysTick_Wait100us                      0x00001884   Section        0  systick.o(i.SysTick_Wait100us)
    i.SysTick_Wait10ms                       0x0000189c   Section        0  systick.o(i.SysTick_Wait10ms)
    i.SystemInit                             0x000018b8   Section        0  system_msp432e401y.o(i.SystemInit)
    i.UART_Init                              0x000018d8   Section        0  uart.o(i.UART_Init)
    i.UART_OutChar                           0x000019a4   Section        0  uart.o(i.UART_OutChar)
    i.UART_printf                            0x000019bc   Section        0  uart.o(i.UART_printf)
    i.VL53L1X_BootState                      0x000019d4   Section        0  vl53l1x_api.o(i.VL53L1X_BootState)
    i.VL53L1X_CheckForDataReady              0x000019f6   Section        0  vl53l1x_api.o(i.VL53L1X_CheckForDataReady)
    i.VL53L1X_ClearInterrupt                 0x00001a34   Section        0  vl53l1x_api.o(i.VL53L1X_ClearInterrupt)
    i.VL53L1X_GetAmbientRate                 0x00001a4a   Section        0  vl53l1x_api.o(i.VL53L1X_GetAmbientRate)
    i.VL53L1X_GetDistance                    0x00001a70   Section        0  vl53l1x_api.o(i.VL53L1X_GetDistance)
    i.VL53L1X_GetInterruptPolarity           0x00001a8e   Section        0  vl53l1x_api.o(i.VL53L1X_GetInterruptPolarity)
    i.VL53L1X_GetRangeStatus                 0x00001ac0   Section        0  vl53l1x_api.o(i.VL53L1X_GetRangeStatus)
    i.VL53L1X_GetSensorId                    0x00001afc   Section        0  vl53l1x_api.o(i.VL53L1X_GetSensorId)
    i.VL53L1X_GetSignalRate                  0x00001b20   Section        0  vl53l1x_api.o(i.VL53L1X_GetSignalRate)
    i.VL53L1X_GetSpadNb                      0x00001b46   Section        0  vl53l1x_api.o(i.VL53L1X_GetSpadNb)
    i.VL53L1X_SensorInit                     0x00001b68   Section        0  vl53l1x_api.o(i.VL53L1X_SensorInit)
    i.VL53L1X_StartRanging                   0x00001c4c   Section        0  vl53l1x_api.o(i.VL53L1X_StartRanging)
    i.VL53L1X_StopRanging                    0x00001c62   Section        0  vl53l1x_api.o(i.VL53L1X_StopRanging)
    i.VL53L1_RdByte                          0x00001c78   Section        0  vl53l1_platform_2dx4.o(i.VL53L1_RdByte)
    i.VL53L1_RdWord                          0x00001c9c   Section        0  vl53l1_platform_2dx4.o(i.VL53L1_RdWord)
    i.VL53L1_WaitMs                          0x00001cd4   Section        0  vl53l1_platform_2dx4.o(i.VL53L1_WaitMs)
    i.VL53L1_WrByte                          0x00001cf4   Section        0  vl53l1_platform_2dx4.o(i.VL53L1_WrByte)
    i.__ARM_fpclassify                       0x00001d12   Section        0  fpclassify.o(i.__ARM_fpclassify)
    i.__hardfp_cos                           0x00001d48   Section        0  cos.o(i.__hardfp_cos)
    i.__hardfp_round                         0x00001e10   Section        0  round.o(i.__hardfp_round)
    i.__hardfp_sin                           0x00001ef0   Section        0  sin.o(i.__hardfp_sin)
    i.__ieee754_rem_pio2                     0x00001fb8   Section        0  rred.o(i.__ieee754_rem_pio2)
    i.__kernel_cos                           0x000023f0   Section        0  cos_i.o(i.__kernel_cos)
    i.__kernel_poly                          0x00002560   Section        0  poly.o(i.__kernel_poly)
    i.__kernel_sin                           0x00002658   Section        0  sin_i.o(i.__kernel_sin)
    i.__mathlib_dbl_infnan                   0x00002788   Section        0  dunder.o(i.__mathlib_dbl_infnan)
    i.__mathlib_dbl_invalid                  0x000027a0   Section        0  dunder.o(i.__mathlib_dbl_invalid)
    i.__mathlib_dbl_underflow                0x000027c0   Section        0  dunder.o(i.__mathlib_dbl_underflow)
    i.beginRxI2C                             0x000027e0   Section        0  vl53l1_platform_2dx4.o(i.beginRxI2C)
    i.beginTxI2C                             0x00002800   Section        0  vl53l1_platform_2dx4.o(i.beginTxI2C)
    i.fabs                                   0x00002820   Section        0  fabs.o(i.fabs)
    i.main                                   0x00002838   Section        0  2dx_studio_8c.o(i.main)
    i.onboardLEDs_Init                       0x00002ab8   Section        0  onboardleds.o(i.onboardLEDs_Init)
    i.readI2C                                0x00002b7c   Section        0  vl53l1_platform_2dx4.o(i.readI2C)
    i.spin                                   0x00002bc8   Section        0  2dx_studio_8c.o(i.spin)
    i.spinBack                               0x00002c40   Section        0  2dx_studio_8c.o(i.spinBack)
    i.writeI2C                               0x00002c90   Section        0  vl53l1_platform_2dx4.o(i.writeI2C)
    i.writeRegisterIndex                     0x00002d30   Section        0  vl53l1_platform_2dx4.o(i.writeRegisterIndex)
    i.writeRegisterIndex_nostop              0x00002db8   Section        0  vl53l1_platform_2dx4.o(i.writeRegisterIndex_nostop)
    locale$$code                             0x00002e40   Section       44  lc_numeric_c.o(locale$$code)
    x$fpl$basic                              0x00002e6c   Section       24  basic.o(x$fpl$basic)
    $v0                                      0x00002e6c   Number         0  basic.o(x$fpl$basic)
    x$fpl$dadd                               0x00002e84   Section      336  daddsub_clz.o(x$fpl$dadd)
    $v0                                      0x00002e84   Number         0  daddsub_clz.o(x$fpl$dadd)
    _dadd1                                   0x00002e95   Thumb Code     0  daddsub_clz.o(x$fpl$dadd)
    x$fpl$dcmpinf                            0x00002fd4   Section       24  dcmpi.o(x$fpl$dcmpinf)
    $v0                                      0x00002fd4   Number         0  dcmpi.o(x$fpl$dcmpinf)
    x$fpl$ddiv                               0x00002fec   Section      688  ddiv.o(x$fpl$ddiv)
    $v0                                      0x00002fec   Number         0  ddiv.o(x$fpl$ddiv)
    ddiv_entry                               0x00002ff3   Thumb Code     0  ddiv.o(x$fpl$ddiv)
    x$fpl$dfix                               0x0000329c   Section       94  dfix.o(x$fpl$dfix)
    $v0                                      0x0000329c   Number         0  dfix.o(x$fpl$dfix)
    x$fpl$dflt                               0x000032fa   Section       46  dflt_clz.o(x$fpl$dflt)
    $v0                                      0x000032fa   Number         0  dflt_clz.o(x$fpl$dflt)
    x$fpl$dfltu                              0x00003328   Section       38  dflt_clz.o(x$fpl$dfltu)
    $v0                                      0x00003328   Number         0  dflt_clz.o(x$fpl$dfltu)
    x$fpl$dleqf                              0x00003350   Section      120  dleqf.o(x$fpl$dleqf)
    $v0                                      0x00003350   Number         0  dleqf.o(x$fpl$dleqf)
    x$fpl$dmul                               0x000033c8   Section      340  dmul.o(x$fpl$dmul)
    $v0                                      0x000033c8   Number         0  dmul.o(x$fpl$dmul)
    x$fpl$dnaninf                            0x0000351c   Section      156  dnaninf.o(x$fpl$dnaninf)
    $v0                                      0x0000351c   Number         0  dnaninf.o(x$fpl$dnaninf)
    x$fpl$dretinf                            0x000035b8   Section       12  dretinf.o(x$fpl$dretinf)
    $v0                                      0x000035b8   Number         0  dretinf.o(x$fpl$dretinf)
    x$fpl$drleqf                             0x000035c4   Section      108  drleqf.o(x$fpl$drleqf)
    $v0                                      0x000035c4   Number         0  drleqf.o(x$fpl$drleqf)
    x$fpl$drnd                               0x00003630   Section      180  drnd.o(x$fpl$drnd)
    $v0                                      0x00003630   Number         0  drnd.o(x$fpl$drnd)
    x$fpl$drsb                               0x000036e4   Section       22  daddsub_clz.o(x$fpl$drsb)
    $v0                                      0x000036e4   Number         0  daddsub_clz.o(x$fpl$drsb)
    x$fpl$dsub                               0x000036fc   Section      468  daddsub_clz.o(x$fpl$dsub)
    $v0                                      0x000036fc   Number         0  daddsub_clz.o(x$fpl$dsub)
    _dsub1                                   0x0000370d   Thumb Code     0  daddsub_clz.o(x$fpl$dsub)
    x$fpl$fpinit                             0x000038d0   Section       10  fpinit.o(x$fpl$fpinit)
    $v0                                      0x000038d0   Number         0  fpinit.o(x$fpl$fpinit)
    x$fpl$printf1                            0x000038da   Section        4  printf1.o(x$fpl$printf1)
    $v0                                      0x000038da   Number         0  printf1.o(x$fpl$printf1)
    .constdata                               0x000038de   Section      115  vl53l1x_api.o(.constdata)
    x$fpl$usenofp                            0x000038de   Section        0  usenofp.o(x$fpl$usenofp)
    status_rtn                               0x00003939   Data          24  vl53l1x_api.o(.constdata)
    .constdata                               0x00003958   Section       48  cos_i.o(.constdata)
    C                                        0x00003958   Data          48  cos_i.o(.constdata)
    .constdata                               0x00003988   Section      200  rred.o(.constdata)
    pio2s                                    0x00003988   Data          48  rred.o(.constdata)
    twooverpi                                0x000039b8   Data         152  rred.o(.constdata)
    .constdata                               0x00003a50   Section       40  sin_i.o(.constdata)
    S                                        0x00003a50   Data          40  sin_i.o(.constdata)
    .constdata                               0x00003a78   Section      148  bigflt0.o(.constdata)
    tenpwrs_x                                0x00003a78   Data          60  bigflt0.o(.constdata)
    tenpwrs_i                                0x00003ab4   Data          64  bigflt0.o(.constdata)
    locale$$data                             0x00003b2c   Section       28  lc_numeric_c.o(locale$$data)
    __lcnum_c_name                           0x00003b30   Data           2  lc_numeric_c.o(locale$$data)
    __lcnum_c_start                          0x00003b38   Data           0  lc_numeric_c.o(locale$$data)
    __lcnum_c_point                          0x00003b44   Data           0  lc_numeric_c.o(locale$$data)
    __lcnum_c_thousands                      0x00003b46   Data           0  lc_numeric_c.o(locale$$data)
    __lcnum_c_grouping                       0x00003b47   Data           0  lc_numeric_c.o(locale$$data)
    __lcnum_c_end                            0x00003b48   Data           0  lc_numeric_c.o(locale$$data)
    .data                                    0x20000000   Section       12  2dx_studio_8c.o(.data)
    .data                                    0x2000000c   Section        4  system_msp432e401y.o(.data)
    .bss                                     0x20000010   Section     1023  uart.o(.bss)
    printf_buffer                            0x20000010   Data        1023  uart.o(.bss)
    .bss                                     0x2000040f   Section     1023  2dx_studio_8c.o(.bss)
    printf_buffer                            0x2000040f   Data        1023  2dx_studio_8c.o(.bss)
    .bss                                     0x20000810   Section       96  libspace.o(.bss)
    HEAP                                     0x20000870   Section        0  startup_msp432e401y_uvision.o(HEAP)
    STACK                                    0x20000870   Section      512  startup_msp432e401y_uvision.o(STACK)
    Heap_Mem                                 0x20000870   Data           0  startup_msp432e401y_uvision.o(HEAP)
    Stack_Mem                                0x20000870   Data         512  startup_msp432e401y_uvision.o(STACK)
    __initial_sp                             0x20000a70   Data           0  startup_msp432e401y_uvision.o(STACK)

    Global Symbols

    Symbol Name                              Value     Ov Type        Size  Object(Section)

    BuildAttributes$$THM_ISAv4$E$P$D$K$B$S$7EM$VFPi3$EXTD16$VFPS$VFMA$PE$A:L22UL41UL21$X:L11$S22US41US21$IEEE1$IW$USESV6$~STKCKD$USESV7$~SHL$OTIME$ROPI$IEEEX$EBA8$UX$STANDARDLIB$REQ8$PRES8$EABIv2 0x00000000   Number         0  anon$$obj.o ABSOLUTE
    __ARM_use_no_argv                        0x00000000   Number         0  2dx_studio_8c.o ABSOLUTE
    __Vectors                                0x00000000   Data           4  startup_msp432e401y_uvision.o(RESET)
    __ARM_exceptions_init                     - Undefined Weak Reference
    __alloca_initialize                       - Undefined Weak Reference
    __arm_fini_                               - Undefined Weak Reference
    __arm_preinit_                            - Undefined Weak Reference
    __cpp_initialize__aeabi_                  - Undefined Weak Reference
    __cxa_finalize                            - Undefined Weak Reference
    __sigvec_lookup                           - Undefined Weak Reference
    _atexit_init                              - Undefined Weak Reference
    _call_atexit_fns                          - Undefined Weak Reference
    _clock_init                               - Undefined Weak Reference
    _fp_trap_init                             - Undefined Weak Reference
    _fp_trap_shutdown                         - Undefined Weak Reference
    _get_lc_collate                           - Undefined Weak Reference
    _get_lc_ctype                             - Undefined Weak Reference
    _get_lc_monetary                          - Undefined Weak Reference
    _get_lc_time                              - Undefined Weak Reference
    _getenv_init                              - Undefined Weak Reference
    _handle_redirection                       - Undefined Weak Reference
    _init_alloc                               - Undefined Weak Reference
    _init_user_alloc                          - Undefined Weak Reference
    _initio                                   - Undefined Weak Reference
    _printf_post_padding                      - Undefined Weak Reference
    _printf_pre_padding                       - Undefined Weak Reference
    _printf_truncate_signed                   - Undefined Weak Reference
    _printf_truncate_unsigned                 - Undefined Weak Reference
    _rand_init                                - Undefined Weak Reference
    _signal_finish                            - Undefined Weak Reference
    _signal_init                              - Undefined Weak Reference
    _terminate_alloc                          - Undefined Weak Reference
    _terminate_user_alloc                     - Undefined Weak Reference
    _terminateio                              - Undefined Weak Reference
    __Vectors_End                            0x000001fc   Data           0  startup_msp432e401y_uvision.o(RESET)
    __Vectors_Size                           0x000001fc   Number         0  startup_msp432e401y_uvision.o ABSOLUTE
    __main                                   0x000001fd   Thumb Code     8  __main.o(!!!main)
    __scatterload                            0x00000205   Thumb Code     0  __scatter.o(!!!scatter)
    __scatterload_rt2                        0x00000205   Thumb Code    44  __scatter.o(!!!scatter)
    __scatterload_rt2_thumb_only             0x00000205   Thumb Code     0  __scatter.o(!!!scatter)
    __scatterload_null                       0x00000213   Thumb Code     0  __scatter.o(!!!scatter)
    __scatterload_copy                       0x00000239   Thumb Code    26  __scatter_copy.o(!!handler_copy)
    __scatterload_zeroinit                   0x00000255   Thumb Code    28  __scatter_zi.o(!!handler_zi)
    _printf_f                                0x00000271   Thumb Code     0  _printf_f.o(.ARM.Collect$$_printf_percent$$00000003)
    _printf_percent                          0x00000271   Thumb Code     0  _printf_percent.o(.ARM.Collect$$_printf_percent$$00000000)
    _printf_d                                0x00000277   Thumb Code     0  _printf_d.o(.ARM.Collect$$_printf_percent$$00000009)
    _printf_u                                0x0000027d   Thumb Code     0  _printf_u.o(.ARM.Collect$$_printf_percent$$0000000A)
    _printf_percent_end                      0x00000283   Thumb Code     0  _printf_percent_end.o(.ARM.Collect$$_printf_percent$$00000017)
    __rt_lib_init                            0x00000287   Thumb Code     0  libinit.o(.ARM.Collect$$libinit$$00000000)
    __rt_lib_init_fp_1                       0x00000289   Thumb Code     0  libinit2.o(.ARM.Collect$$libinit$$00000001)
    __rt_lib_init_heap_1                     0x0000028d   Thumb Code     0  libinit2.o(.ARM.Collect$$libinit$$0000000A)
    __rt_lib_init_lc_common                  0x0000028d   Thumb Code     0  libinit2.o(.ARM.Collect$$libinit$$0000000F)
    __rt_lib_init_preinit_1                  0x0000028d   Thumb Code     0  libinit2.o(.ARM.Collect$$libinit$$00000004)
    __rt_lib_init_rand_1                     0x0000028d   Thumb Code     0  libinit2.o(.ARM.Collect$$libinit$$0000000E)
    __rt_lib_init_user_alloc_1               0x0000028d   Thumb Code     0  libinit2.o(.ARM.Collect$$libinit$$0000000C)
    __rt_lib_init_lc_collate_1               0x00000293   Thumb Code     0  libinit2.o(.ARM.Collect$$libinit$$00000011)
    __rt_lib_init_lc_ctype_1                 0x00000293   Thumb Code     0  libinit2.o(.ARM.Collect$$libinit$$00000013)
    __rt_lib_init_lc_monetary_1              0x00000293   Thumb Code     0  libinit2.o(.ARM.Collect$$libinit$$00000015)
    __rt_lib_init_lc_numeric_2               0x00000293   Thumb Code     0  libinit2.o(.ARM.Collect$$libinit$$00000016)
    __rt_lib_init_alloca_1                   0x0000029d   Thumb Code     0  libinit2.o(.ARM.Collect$$libinit$$0000002E)
    __rt_lib_init_argv_1                     0x0000029d   Thumb Code     0  libinit2.o(.ARM.Collect$$libinit$$0000002C)
    __rt_lib_init_atexit_1                   0x0000029d   Thumb Code     0  libinit2.o(.ARM.Collect$$libinit$$0000001B)
    __rt_lib_init_clock_1                    0x0000029d   Thumb Code     0  libinit2.o(.ARM.Collect$$libinit$$00000021)
    __rt_lib_init_cpp_1                      0x0000029d   Thumb Code     0  libinit2.o(.ARM.Collect$$libinit$$00000032)
    __rt_lib_init_exceptions_1               0x0000029d   Thumb Code     0  libinit2.o(.ARM.Collect$$libinit$$00000030)
    __rt_lib_init_fp_trap_1                  0x0000029d   Thumb Code     0  libinit2.o(.ARM.Collect$$libinit$$0000001F)
    __rt_lib_init_getenv_1                   0x0000029d   Thumb Code     0  libinit2.o(.ARM.Collect$$libinit$$00000023)
    __rt_lib_init_lc_numeric_1               0x0000029d   Thumb Code     0  libinit2.o(.ARM.Collect$$libinit$$00000017)
    __rt_lib_init_lc_time_1                  0x0000029d   Thumb Code     0  libinit2.o(.ARM.Collect$$libinit$$00000019)
    __rt_lib_init_return                     0x0000029d   Thumb Code     0  libinit2.o(.ARM.Collect$$libinit$$00000033)
    __rt_lib_init_signal_1                   0x0000029d   Thumb Code     0  libinit2.o(.ARM.Collect$$libinit$$0000001D)
    __rt_lib_init_stdio_1                    0x0000029d   Thumb Code     0  libinit2.o(.ARM.Collect$$libinit$$00000025)
    __rt_lib_shutdown                        0x0000029f   Thumb Code     0  libshutdown.o(.ARM.Collect$$libshutdown$$00000000)
    __rt_lib_shutdown_cpp_1                  0x000002a1   Thumb Code     0  libshutdown2.o(.ARM.Collect$$libshutdown$$00000004)
    __rt_lib_shutdown_fini_1                 0x000002a1   Thumb Code     0  libshutdown2.o(.ARM.Collect$$libshutdown$$00000002)
    __rt_lib_shutdown_fp_trap_1              0x000002a1   Thumb Code     0  libshutdown2.o(.ARM.Collect$$libshutdown$$00000009)
    __rt_lib_shutdown_heap_1                 0x000002a1   Thumb Code     0  libshutdown2.o(.ARM.Collect$$libshutdown$$00000011)
    __rt_lib_shutdown_return                 0x000002a1   Thumb Code     0  libshutdown2.o(.ARM.Collect$$libshutdown$$00000012)
    __rt_lib_shutdown_signal_1               0x000002a1   Thumb Code     0  libshutdown2.o(.ARM.Collect$$libshutdown$$0000000C)
    __rt_lib_shutdown_stdio_1                0x000002a1   Thumb Code     0  libshutdown2.o(.ARM.Collect$$libshutdown$$00000006)
    __rt_lib_shutdown_user_alloc_1           0x000002a1   Thumb Code     0  libshutdown2.o(.ARM.Collect$$libshutdown$$0000000E)
    __rt_entry                               0x000002a3   Thumb Code     0  __rtentry.o(.ARM.Collect$$rtentry$$00000000)
    __rt_entry_presh_1                       0x000002a3   Thumb Code     0  __rtentry2.o(.ARM.Collect$$rtentry$$00000002)
    __rt_entry_sh                            0x000002a3   Thumb Code     0  __rtentry4.o(.ARM.Collect$$rtentry$$00000004)
    __rt_entry_li                            0x000002a9   Thumb Code     0  __rtentry2.o(.ARM.Collect$$rtentry$$0000000A)
    __rt_entry_postsh_1                      0x000002a9   Thumb Code     0  __rtentry2.o(.ARM.Collect$$rtentry$$00000009)
    __rt_entry_main                          0x000002ad   Thumb Code     0  __rtentry2.o(.ARM.Collect$$rtentry$$0000000D)
    __rt_entry_postli_1                      0x000002ad   Thumb Code     0  __rtentry2.o(.ARM.Collect$$rtentry$$0000000C)
    __rt_exit                                0x000002b5   Thumb Code     0  rtexit.o(.ARM.Collect$$rtexit$$00000000)
    __rt_exit_ls                             0x000002b7   Thumb Code     0  rtexit2.o(.ARM.Collect$$rtexit$$00000003)
    __rt_exit_prels_1                        0x000002b7   Thumb Code     0  rtexit2.o(.ARM.Collect$$rtexit$$00000002)
    __rt_exit_exit                           0x000002bb   Thumb Code     0  rtexit2.o(.ARM.Collect$$rtexit$$00000004)
    Reset_Handler                            0x000002c1   Thumb Code     8  startup_msp432e401y_uvision.o(.text)
    NMI_Handler                              0x000002c9   Thumb Code     2  startup_msp432e401y_uvision.o(.text)
    HardFault_Handler                        0x000002cb   Thumb Code     2  startup_msp432e401y_uvision.o(.text)
    MemManage_Handler                        0x000002cd   Thumb Code     2  startup_msp432e401y_uvision.o(.text)
    BusFault_Handler                         0x000002cf   Thumb Code     2  startup_msp432e401y_uvision.o(.text)
    UsageFault_Handler                       0x000002d1   Thumb Code     2  startup_msp432e401y_uvision.o(.text)
    SVC_Handler                              0x000002d3   Thumb Code     2  startup_msp432e401y_uvision.o(.text)
    DebugMon_Handler                         0x000002d5   Thumb Code     2  startup_msp432e401y_uvision.o(.text)
    PendSV_Handler                           0x000002d7   Thumb Code     2  startup_msp432e401y_uvision.o(.text)
    SysTick_Handler                          0x000002d9   Thumb Code     2  startup_msp432e401y_uvision.o(.text)
    ADC0SS0_IRQHandler                       0x000002db   Thumb Code     0  startup_msp432e401y_uvision.o(.text)
    ADC0SS1_IRQHandler                       0x000002db   Thumb Code     0  startup_msp432e401y_uvision.o(.text)
    ADC0SS2_IRQHandler                       0x000002db   Thumb Code     0  startup_msp432e401y_uvision.o(.text)
    ADC0SS3_IRQHandler                       0x000002db   Thumb Code     0  startup_msp432e401y_uvision.o(.text)
    ADC1SS0_IRQHandler                       0x000002db   Thumb Code     0  startup_msp432e401y_uvision.o(.text)
    ADC1SS1_IRQHandler                       0x000002db   Thumb Code     0  startup_msp432e401y_uvision.o(.text)
    ADC1SS2_IRQHandler                       0x000002db   Thumb Code     0  startup_msp432e401y_uvision.o(.text)
    ADC1SS3_IRQHandler                       0x000002db   Thumb Code     0  startup_msp432e401y_uvision.o(.text)
    AES0_IRQHandler                          0x000002db   Thumb Code     0  startup_msp432e401y_uvision.o(.text)
    CAN0_IRQHandler                          0x000002db   Thumb Code     0  startup_msp432e401y_uvision.o(.text)
    CAN1_IRQHandler                          0x000002db   Thumb Code     0  startup_msp432e401y_uvision.o(.text)
    COMP0_IRQHandler                         0x000002db   Thumb Code     0  startup_msp432e401y_uvision.o(.text)
    COMP1_IRQHandler                         0x000002db   Thumb Code     0  startup_msp432e401y_uvision.o(.text)
    COMP2_IRQHandler                         0x000002db   Thumb Code     0  startup_msp432e401y_uvision.o(.text)
    DES0_IRQHandler                          0x000002db   Thumb Code     0  startup_msp432e401y_uvision.o(.text)
    EMAC0_IRQHandler                         0x000002db   Thumb Code     0  startup_msp432e401y_uvision.o(.text)
    EPI0_IRQHandler                          0x000002db   Thumb Code     0  startup_msp432e401y_uvision.o(.text)
    FLASH_IRQHandler                         0x000002db   Thumb Code     0  startup_msp432e401y_uvision.o(.text)
    GPIOA_IRQHandler                         0x000002db   Thumb Code     0  startup_msp432e401y_uvision.o(.text)
    GPIOB_IRQHandler                         0x000002db   Thumb Code     0  startup_msp432e401y_uvision.o(.text)
    GPIOC_IRQHandler                         0x000002db   Thumb Code     0  startup_msp432e401y_uvision.o(.text)
    GPIOD_IRQHandler                         0x000002db   Thumb Code     0  startup_msp432e401y_uvision.o(.text)
    GPIOE_IRQHandler                         0x000002db   Thumb Code     0  startup_msp432e401y_uvision.o(.text)
    GPIOF_IRQHandler                         0x000002db   Thumb Code     0  startup_msp432e401y_uvision.o(.text)
    GPIOG_IRQHandler                         0x000002db   Thumb Code     0  startup_msp432e401y_uvision.o(.text)
    GPIOH_IRQHandler                         0x000002db   Thumb Code     0  startup_msp432e401y_uvision.o(.text)
    GPIOJ_IRQHandler                         0x000002db   Thumb Code     0  startup_msp432e401y_uvision.o(.text)
    GPIOK_IRQHandler                         0x000002db   Thumb Code     0  startup_msp432e401y_uvision.o(.text)
    GPIOL_IRQHandler                         0x000002db   Thumb Code     0  startup_msp432e401y_uvision.o(.text)
    GPIOM_IRQHandler                         0x000002db   Thumb Code     0  startup_msp432e401y_uvision.o(.text)
    GPION_IRQHandler                         0x000002db   Thumb Code     0  startup_msp432e401y_uvision.o(.text)
    GPIOP0_IRQHandler                        0x000002db   Thumb Code     0  startup_msp432e401y_uvision.o(.text)
    GPIOP1_IRQHandler                        0x000002db   Thumb Code     0  startup_msp432e401y_uvision.o(.text)
    GPIOP2_IRQHandler                        0x000002db   Thumb Code     0  startup_msp432e401y_uvision.o(.text)
    GPIOP3_IRQHandler                        0x000002db   Thumb Code     0  startup_msp432e401y_uvision.o(.text)
    GPIOP4_IRQHandler                        0x000002db   Thumb Code     0  startup_msp432e401y_uvision.o(.text)
    GPIOP5_IRQHandler                        0x000002db   Thumb Code     0  startup_msp432e401y_uvision.o(.text)
    GPIOP6_IRQHandler                        0x000002db   Thumb Code     0  startup_msp432e401y_uvision.o(.text)
    GPIOP7_IRQHandler                        0x000002db   Thumb Code     0  startup_msp432e401y_uvision.o(.text)
    GPIOQ0_IRQHandler                        0x000002db   Thumb Code     0  startup_msp432e401y_uvision.o(.text)
    GPIOQ1_IRQHandler                        0x000002db   Thumb Code     0  startup_msp432e401y_uvision.o(.text)
    GPIOQ2_IRQHandler                        0x000002db   Thumb Code     0  startup_msp432e401y_uvision.o(.text)
    GPIOQ3_IRQHandler                        0x000002db   Thumb Code     0  startup_msp432e401y_uvision.o(.text)
    GPIOQ4_IRQHandler                        0x000002db   Thumb Code     0  startup_msp432e401y_uvision.o(.text)
    GPIOQ5_IRQHandler                        0x000002db   Thumb Code     0  startup_msp432e401y_uvision.o(.text)
    GPIOQ6_IRQHandler                        0x000002db   Thumb Code     0  startup_msp432e401y_uvision.o(.text)
    GPIOQ7_IRQHandler                        0x000002db   Thumb Code     0  startup_msp432e401y_uvision.o(.text)
    HIBERNATE_IRQHandler                     0x000002db   Thumb Code     0  startup_msp432e401y_uvision.o(.text)
    I2C0_IRQHandler                          0x000002db   Thumb Code     0  startup_msp432e401y_uvision.o(.text)
    I2C1_IRQHandler                          0x000002db   Thumb Code     0  startup_msp432e401y_uvision.o(.text)
    I2C2_IRQHandler                          0x000002db   Thumb Code     0  startup_msp432e401y_uvision.o(.text)
    I2C3_IRQHandler                          0x000002db   Thumb Code     0  startup_msp432e401y_uvision.o(.text)
    I2C4_IRQHandler                          0x000002db   Thumb Code     0  startup_msp432e401y_uvision.o(.text)
    I2C5_IRQHandler                          0x000002db   Thumb Code     0  startup_msp432e401y_uvision.o(.text)
    I2C6_IRQHandler                          0x000002db   Thumb Code     0  startup_msp432e401y_uvision.o(.text)
    I2C7_IRQHandler                          0x000002db   Thumb Code     0  startup_msp432e401y_uvision.o(.text)
    I2C8_IRQHandler                          0x000002db   Thumb Code     0  startup_msp432e401y_uvision.o(.text)
    I2C9_IRQHandler                          0x000002db   Thumb Code     0  startup_msp432e401y_uvision.o(.text)
    PWM0_0_IRQHandler                        0x000002db   Thumb Code     0  startup_msp432e401y_uvision.o(.text)
    PWM0_1_IRQHandler                        0x000002db   Thumb Code     0  startup_msp432e401y_uvision.o(.text)
    PWM0_2_IRQHandler                        0x000002db   Thumb Code     0  startup_msp432e401y_uvision.o(.text)
    PWM0_3_IRQHandler                        0x000002db   Thumb Code     0  startup_msp432e401y_uvision.o(.text)
    PWM0_FAULT_IRQHandler                    0x000002db   Thumb Code     0  startup_msp432e401y_uvision.o(.text)
    QEI0_IRQHandler                          0x000002db   Thumb Code     0  startup_msp432e401y_uvision.o(.text)
    SHA0_IRQHandler                          0x000002db   Thumb Code     0  startup_msp432e401y_uvision.o(.text)
    SSI0_IRQHandler                          0x000002db   Thumb Code     0  startup_msp432e401y_uvision.o(.text)
    SSI1_IRQHandler                          0x000002db   Thumb Code     0  startup_msp432e401y_uvision.o(.text)
    SSI2_IRQHandler                          0x000002db   Thumb Code     0  startup_msp432e401y_uvision.o(.text)
    SSI3_IRQHandler                          0x000002db   Thumb Code     0  startup_msp432e401y_uvision.o(.text)
    SYSCTL_IRQHandler                        0x000002db   Thumb Code     0  startup_msp432e401y_uvision.o(.text)
    SYSEXC_IRQHandler                        0x000002db   Thumb Code     0  startup_msp432e401y_uvision.o(.text)
    TAMPER0_IRQHandler                       0x000002db   Thumb Code     0  startup_msp432e401y_uvision.o(.text)
    TIMER0A_IRQHandler                       0x000002db   Thumb Code     0  startup_msp432e401y_uvision.o(.text)
    TIMER0B_IRQHandler                       0x000002db   Thumb Code     0  startup_msp432e401y_uvision.o(.text)
    TIMER1A_IRQHandler                       0x000002db   Thumb Code     0  startup_msp432e401y_uvision.o(.text)
    TIMER1B_IRQHandler                       0x000002db   Thumb Code     0  startup_msp432e401y_uvision.o(.text)
    TIMER2A_IRQHandler                       0x000002db   Thumb Code     0  startup_msp432e401y_uvision.o(.text)
    TIMER2B_IRQHandler                       0x000002db   Thumb Code     0  startup_msp432e401y_uvision.o(.text)
    TIMER3A_IRQHandler                       0x000002db   Thumb Code     0  startup_msp432e401y_uvision.o(.text)
    TIMER3B_IRQHandler                       0x000002db   Thumb Code     0  startup_msp432e401y_uvision.o(.text)
    TIMER4A_IRQHandler                       0x000002db   Thumb Code     0  startup_msp432e401y_uvision.o(.text)
    TIMER4B_IRQHandler                       0x000002db   Thumb Code     0  startup_msp432e401y_uvision.o(.text)
    TIMER5A_IRQHandler                       0x000002db   Thumb Code     0  startup_msp432e401y_uvision.o(.text)
    TIMER5B_IRQHandler                       0x000002db   Thumb Code     0  startup_msp432e401y_uvision.o(.text)
    TIMER6A_IRQHandler                       0x000002db   Thumb Code     0  startup_msp432e401y_uvision.o(.text)
    TIMER6B_IRQHandler                       0x000002db   Thumb Code     0  startup_msp432e401y_uvision.o(.text)
    TIMER7A_IRQHandler                       0x000002db   Thumb Code     0  startup_msp432e401y_uvision.o(.text)
    TIMER7B_IRQHandler                       0x000002db   Thumb Code     0  startup_msp432e401y_uvision.o(.text)
    UART0_IRQHandler                         0x000002db   Thumb Code     0  startup_msp432e401y_uvision.o(.text)
    UART1_IRQHandler                         0x000002db   Thumb Code     0  startup_msp432e401y_uvision.o(.text)
    UART2_IRQHandler                         0x000002db   Thumb Code     0  startup_msp432e401y_uvision.o(.text)
    UART3_IRQHandler                         0x000002db   Thumb Code     0  startup_msp432e401y_uvision.o(.text)
    UART4_IRQHandler                         0x000002db   Thumb Code     0  startup_msp432e401y_uvision.o(.text)
    UART5_IRQHandler                         0x000002db   Thumb Code     0  startup_msp432e401y_uvision.o(.text)
    UART6_IRQHandler                         0x000002db   Thumb Code     0  startup_msp432e401y_uvision.o(.text)
    UART7_IRQHandler                         0x000002db   Thumb Code     0  startup_msp432e401y_uvision.o(.text)
    UDMAERR_IRQHandler                       0x000002db   Thumb Code     0  startup_msp432e401y_uvision.o(.text)
    UDMA_IRQHandler                          0x000002db   Thumb Code     0  startup_msp432e401y_uvision.o(.text)
    USB0_IRQHandler                          0x000002db   Thumb Code     0  startup_msp432e401y_uvision.o(.text)
    WATCHDOG_IRQHandler                      0x000002db   Thumb Code     0  startup_msp432e401y_uvision.o(.text)
    __user_initial_stackheap                 0x000002dd   Thumb Code    10  startup_msp432e401y_uvision.o(.text)
    __2sprintf                               0x000002fd   Thumb Code    34  noretval__2sprintf.o(.text)
    __printf                                 0x00000325   Thumb Code   104  __printf.o(.text)
    _printf_int_dec                          0x0000038d   Thumb Code   104  _printf_dec.o(.text)
    __use_two_region_memory                  0x00000405   Thumb Code     2  heapauxi.o(.text)
    __rt_heap_escrow$2region                 0x00000407   Thumb Code     2  heapauxi.o(.text)
    __rt_heap_expand$2region                 0x00000409   Thumb Code     2  heapauxi.o(.text)
    __read_errno                             0x0000040b   Thumb Code    10  _rserrno.o(.text)
    __set_errno                              0x00000415   Thumb Code    12  _rserrno.o(.text)
    _printf_int_common                       0x00000421   Thumb Code   178  _printf_intcommon.o(.text)
    __lib_sel_fp_printf                      0x000004d3   Thumb Code     2  _printf_fp_dec.o(.text)
    _printf_fp_dec_real                      0x00000685   Thumb Code   620  _printf_fp_dec.o(.text)
    _printf_char_common                      0x000008fb   Thumb Code    32  _printf_char_common.o(.text)
    _sputc                                   0x00000921   Thumb Code    10  _sputc.o(.text)
    __rt_locale                              0x0000092d   Thumb Code     8  rt_locale_intlibspace.o(.text)
    __aeabi_errno_addr                       0x00000935   Thumb Code     8  rt_errno_addr_intlibspace.o(.text)
    __errno$intlibspace                      0x00000935   Thumb Code     0  rt_errno_addr_intlibspace.o(.text)
    __rt_errno_addr$intlibspace              0x00000935   Thumb Code     0  rt_errno_addr_intlibspace.o(.text)
    _ll_udiv10                               0x0000093d   Thumb Code   138  lludiv10.o(.text)
    _printf_fp_infnan                        0x000009c9   Thumb Code   112  _printf_fp_infnan.o(.text)
    _btod_etento                             0x00000a49   Thumb Code   224  bigflt0.o(.text)
    __user_libspace                          0x00000b2d   Thumb Code     8  libspace.o(.text)
    __user_perproc_libspace                  0x00000b2d   Thumb Code     0  libspace.o(.text)
    __user_perthread_libspace                0x00000b2d   Thumb Code     0  libspace.o(.text)
    __user_setup_stackheap                   0x00000b35   Thumb Code    74  sys_stackheap_outer.o(.text)
    exit                                     0x00000b7f   Thumb Code    18  exit.o(.text)
    strcmp                                   0x00000b91   Thumb Code   128  strcmpv7m.o(.text)
    _sys_exit                                0x00000c11   Thumb Code     8  sys_exit.o(.text)
    __I$use$semihosting                      0x00000c1d   Thumb Code     0  use_no_semi.o(.text)
    __use_no_semihosting_swi                 0x00000c1d   Thumb Code     2  use_no_semi.o(.text)
    __semihosting_library_function           0x00000c1f   Thumb Code     0  indicate_semi.o(.text)
    _btod_d2e                                0x00000c1f   Thumb Code    62  btod.o(CL$$btod_d2e)
    _d2e_denorm_low                          0x00000c5d   Thumb Code    70  btod.o(CL$$btod_d2e_denorm_low)
    _d2e_norm_op1                            0x00000ca3   Thumb Code    96  btod.o(CL$$btod_d2e_norm_op1)
    __btod_div_common                        0x00000d03   Thumb Code   696  btod.o(CL$$btod_div_common)
    _e2e                                     0x0000103b   Thumb Code   220  btod.o(CL$$btod_e2e)
    _btod_ediv                               0x00001117   Thumb Code    42  btod.o(CL$$btod_ediv)
    _btod_emul                               0x00001141   Thumb Code    42  btod.o(CL$$btod_emul)
    __btod_mult_common                       0x0000116b   Thumb Code   580  btod.o(CL$$btod_mult_common)
    FlashAllLEDs                             0x000013b1   Thumb Code    78  onboardleds.o(i.FlashAllLEDs)
    FlashI2CError                            0x0000140d   Thumb Code    20  onboardleds.o(i.FlashI2CError)
    FlashI2CRx                               0x00001421   Thumb Code    10  onboardleds.o(i.FlashI2CRx)
    FlashI2CTx                               0x0000142b   Thumb Code    10  onboardleds.o(i.FlashI2CTx)
    FlashLED1                                0x00001435   Thumb Code    58  onboardleds.o(i.FlashLED1)
    FlashLED2                                0x00001479   Thumb Code    58  onboardleds.o(i.FlashLED2)
    FlashLED3                                0x000014bd   Thumb Code    58  onboardleds.o(i.FlashLED3)
    FlashLED4                                0x00001501   Thumb Code    58  onboardleds.o(i.FlashLED4)
    I2C_Init                                 0x00001545   Thumb Code   114  2dx_studio_8c.o(i.I2C_Init)
    PLL_Init                                 0x000015d1   Thumb Code   268  pll.o(i.PLL_Init)
    PortE_Init                               0x000016e9   Thumb Code    40  2dx_studio_8c.o(i.PortE_Init)
    PortF0F4_Init                            0x00001721   Thumb Code    38  2dx_studio_8c.o(i.PortF0F4_Init)
    PortH_Init                               0x00001759   Thumb Code    84  2dx_studio_8c.o(i.PortH_Init)
    PortN0N1_Init                            0x000017bd   Thumb Code    38  2dx_studio_8c.o(i.PortN0N1_Init)
    Status_Check                             0x000017f5   Thumb Code    46  uart.o(i.Status_Check)
    SysTick_Init                             0x0000184d   Thumb Code    24  systick.o(i.SysTick_Init)
    SysTick_Wait                             0x00001865   Thumb Code    32  systick.o(i.SysTick_Wait)
    SysTick_Wait100us                        0x00001885   Thumb Code    24  systick.o(i.SysTick_Wait100us)
    SysTick_Wait10ms                         0x0000189d   Thumb Code    22  systick.o(i.SysTick_Wait10ms)
    SystemInit                               0x000018b9   Thumb Code    20  system_msp432e401y.o(i.SystemInit)
    UART_Init                                0x000018d9   Thumb Code   172  uart.o(i.UART_Init)
    UART_OutChar                             0x000019a5   Thumb Code    20  uart.o(i.UART_OutChar)
    UART_printf                              0x000019bd   Thumb Code    24  uart.o(i.UART_printf)
    VL53L1X_BootState                        0x000019d5   Thumb Code    34  vl53l1x_api.o(i.VL53L1X_BootState)
    VL53L1X_CheckForDataReady                0x000019f7   Thumb Code    62  vl53l1x_api.o(i.VL53L1X_CheckForDataReady)
    VL53L1X_ClearInterrupt                   0x00001a35   Thumb Code    22  vl53l1x_api.o(i.VL53L1X_ClearInterrupt)
    VL53L1X_GetAmbientRate                   0x00001a4b   Thumb Code    38  vl53l1x_api.o(i.VL53L1X_GetAmbientRate)
    VL53L1X_GetDistance                      0x00001a71   Thumb Code    30  vl53l1x_api.o(i.VL53L1X_GetDistance)
    VL53L1X_GetInterruptPolarity             0x00001a8f   Thumb Code    50  vl53l1x_api.o(i.VL53L1X_GetInterruptPolarity)
    VL53L1X_GetRangeStatus                   0x00001ac1   Thumb Code    56  vl53l1x_api.o(i.VL53L1X_GetRangeStatus)
    VL53L1X_GetSensorId                      0x00001afd   Thumb Code    36  vl53l1x_api.o(i.VL53L1X_GetSensorId)
    VL53L1X_GetSignalRate                    0x00001b21   Thumb Code    38  vl53l1x_api.o(i.VL53L1X_GetSignalRate)
    VL53L1X_GetSpadNb                        0x00001b47   Thumb Code    32  vl53l1x_api.o(i.VL53L1X_GetSpadNb)
    VL53L1X_SensorInit                       0x00001b69   Thumb Code   166  vl53l1x_api.o(i.VL53L1X_SensorInit)
    VL53L1X_StartRanging                     0x00001c4d   Thumb Code    22  vl53l1x_api.o(i.VL53L1X_StartRanging)
    VL53L1X_StopRanging                      0x00001c63   Thumb Code    22  vl53l1x_api.o(i.VL53L1X_StopRanging)
    VL53L1_RdByte                            0x00001c79   Thumb Code    36  vl53l1_platform_2dx4.o(i.VL53L1_RdByte)
    VL53L1_RdWord                            0x00001c9d   Thumb Code    56  vl53l1_platform_2dx4.o(i.VL53L1_RdWord)
    VL53L1_WaitMs                            0x00001cd5   Thumb Code    26  vl53l1_platform_2dx4.o(i.VL53L1_WaitMs)
    VL53L1_WrByte                            0x00001cf5   Thumb Code    30  vl53l1_platform_2dx4.o(i.VL53L1_WrByte)
    __ARM_fpclassify                         0x00001d13   Thumb Code    48  fpclassify.o(i.__ARM_fpclassify)
    __hardfp_cos                             0x00001d49   Thumb Code   180  cos.o(i.__hardfp_cos)
    __hardfp_round                           0x00001e11   Thumb Code   194  round.o(i.__hardfp_round)
    __hardfp_sin                             0x00001ef1   Thumb Code   180  sin.o(i.__hardfp_sin)
    __ieee754_rem_pio2                       0x00001fb9   Thumb Code   938  rred.o(i.__ieee754_rem_pio2)
    __kernel_cos                             0x000023f1   Thumb Code   322  cos_i.o(i.__kernel_cos)
    __kernel_poly                            0x00002561   Thumb Code   248  poly.o(i.__kernel_poly)
    __kernel_sin                             0x00002659   Thumb Code   280  sin_i.o(i.__kernel_sin)
    __mathlib_dbl_infnan                     0x00002789   Thumb Code    20  dunder.o(i.__mathlib_dbl_infnan)
    __mathlib_dbl_invalid                    0x000027a1   Thumb Code    24  dunder.o(i.__mathlib_dbl_invalid)
    __mathlib_dbl_underflow                  0x000027c1   Thumb Code    24  dunder.o(i.__mathlib_dbl_underflow)
    beginRxI2C                               0x000027e1   Thumb Code    26  vl53l1_platform_2dx4.o(i.beginRxI2C)
    beginTxI2C                               0x00002801   Thumb Code    26  vl53l1_platform_2dx4.o(i.beginTxI2C)
    fabs                                     0x00002821   Thumb Code    24  fabs.o(i.fabs)
    main                                     0x00002839   Thumb Code   562  2dx_studio_8c.o(i.main)
    onboardLEDs_Init                         0x00002ab9   Thumb Code   172  onboardleds.o(i.onboardLEDs_Init)
    readI2C                                  0x00002b7d   Thumb Code    70  vl53l1_platform_2dx4.o(i.readI2C)
    spin                                     0x00002bc9   Thumb Code   100  2dx_studio_8c.o(i.spin)
    spinBack                                 0x00002c41   Thumb Code    72  2dx_studio_8c.o(i.spinBack)
    writeI2C                                 0x00002c91   Thumb Code   154  vl53l1_platform_2dx4.o(i.writeI2C)
    writeRegisterIndex                       0x00002d31   Thumb Code   132  vl53l1_platform_2dx4.o(i.writeRegisterIndex)
    writeRegisterIndex_nostop                0x00002db9   Thumb Code   132  vl53l1_platform_2dx4.o(i.writeRegisterIndex_nostop)
    _get_lc_numeric                          0x00002e41   Thumb Code    44  lc_numeric_c.o(locale$$code)
    __aeabi_dneg                             0x00002e6d   Thumb Code     0  basic.o(x$fpl$basic)
    _dneg                                    0x00002e6d   Thumb Code     6  basic.o(x$fpl$basic)
    __aeabi_fneg                             0x00002e73   Thumb Code     0  basic.o(x$fpl$basic)
    _fneg                                    0x00002e73   Thumb Code     6  basic.o(x$fpl$basic)
    _dabs                                    0x00002e79   Thumb Code     6  basic.o(x$fpl$basic)
    _fabs                                    0x00002e7f   Thumb Code     6  basic.o(x$fpl$basic)
    __aeabi_dadd                             0x00002e85   Thumb Code     0  daddsub_clz.o(x$fpl$dadd)
    _dadd                                    0x00002e85   Thumb Code   332  daddsub_clz.o(x$fpl$dadd)
    __fpl_dcmp_Inf                           0x00002fd5   Thumb Code    24  dcmpi.o(x$fpl$dcmpinf)
    __aeabi_ddiv                             0x00002fed   Thumb Code     0  ddiv.o(x$fpl$ddiv)
    _ddiv                                    0x00002fed   Thumb Code   552  ddiv.o(x$fpl$ddiv)
    __aeabi_d2iz                             0x0000329d   Thumb Code     0  dfix.o(x$fpl$dfix)
    _dfix                                    0x0000329d   Thumb Code    94  dfix.o(x$fpl$dfix)
    __aeabi_i2d                              0x000032fb   Thumb Code     0  dflt_clz.o(x$fpl$dflt)
    _dflt                                    0x000032fb   Thumb Code    46  dflt_clz.o(x$fpl$dflt)
    __aeabi_ui2d                             0x00003329   Thumb Code     0  dflt_clz.o(x$fpl$dfltu)
    _dfltu                                   0x00003329   Thumb Code    38  dflt_clz.o(x$fpl$dfltu)
    __aeabi_cdcmple                          0x00003351   Thumb Code     0  dleqf.o(x$fpl$dleqf)
    _dcmple                                  0x00003351   Thumb Code   120  dleqf.o(x$fpl$dleqf)
    __fpl_dcmple_InfNaN                      0x000033b3   Thumb Code     0  dleqf.o(x$fpl$dleqf)
    __aeabi_dmul                             0x000033c9   Thumb Code     0  dmul.o(x$fpl$dmul)
    _dmul                                    0x000033c9   Thumb Code   332  dmul.o(x$fpl$dmul)
    __fpl_dnaninf                            0x0000351d   Thumb Code   156  dnaninf.o(x$fpl$dnaninf)
    __fpl_dretinf                            0x000035b9   Thumb Code    12  dretinf.o(x$fpl$dretinf)
    __aeabi_cdrcmple                         0x000035c5   Thumb Code     0  drleqf.o(x$fpl$drleqf)
    _drcmple                                 0x000035c5   Thumb Code   108  drleqf.o(x$fpl$drleqf)
    _drnd                                    0x00003631   Thumb Code   180  drnd.o(x$fpl$drnd)
    __aeabi_drsub                            0x000036e5   Thumb Code     0  daddsub_clz.o(x$fpl$drsb)
    _drsb                                    0x000036e5   Thumb Code    22  daddsub_clz.o(x$fpl$drsb)
    __aeabi_dsub                             0x000036fd   Thumb Code     0  daddsub_clz.o(x$fpl$dsub)
    _dsub                                    0x000036fd   Thumb Code   464  daddsub_clz.o(x$fpl$dsub)
    _fp_init                                 0x000038d1   Thumb Code    10  fpinit.o(x$fpl$fpinit)
    __fplib_config_fpu_vfp                   0x000038d9   Thumb Code     0  fpinit.o(x$fpl$fpinit)
    __fplib_config_pureend_doubles           0x000038d9   Thumb Code     0  fpinit.o(x$fpl$fpinit)
    _printf_fp_dec                           0x000038db   Thumb Code     4  printf1.o(x$fpl$printf1)
    VL51L1X_DEFAULT_CONFIGURATION            0x000038de   Data          91  vl53l1x_api.o(.constdata)
    __I$use$fp                               0x000038de   Number         0  usenofp.o(x$fpl$usenofp)
    Region$$Table$$Base                      0x00003b0c   Number         0  anon$$obj.o(Region$$Table)
    Region$$Table$$Limit                     0x00003b2c   Number         0  anon$$obj.o(Region$$Table)
    dev                                      0x20000000   Data           2  2dx_studio_8c.o(.data)
    status                                   0x20000004   Data           4  2dx_studio_8c.o(.data)
    z                                        0x20000008   Data           4  2dx_studio_8c.o(.data)
    SystemCoreClock                          0x2000000c   Data           4  system_msp432e401y.o(.data)
    __libspace_start                         0x20000810   Data          96  libspace.o(.bss)
    __temporary_stack_top$libspace           0x20000870   Data           0  libspace.o(.bss)



==============================================================================

Memory Map of the image

  Image Entry point : 0x000002c1

  Load Region LR_1 (Base: 0x00000000, Size: 0x00003b58, Max: 0xffffffff, ABSOLUTE)

    Execution Region ER_RO (Exec base: 0x00000000, Load base: 0x00000000, Size: 0x00003b48, Max: 0xffffffff, ABSOLUTE)

    Exec Addr    Load Addr    Size         Type   Attr      Idx    E Section Name        Object

    0x00000000   0x00000000   0x000001fc   Data   RO          646    RESET               startup_msp432e401y_uvision.o
    0x000001fc   0x000001fc   0x00000008   Code   RO          746  * !!!main             c_w.l(__main.o)
    0x00000204   0x00000204   0x00000034   Code   RO         1073    !!!scatter          c_w.l(__scatter.o)
    0x00000238   0x00000238   0x0000001a   Code   RO         1075    !!handler_copy      c_w.l(__scatter_copy.o)
    0x00000252   0x00000252   0x00000002   PAD
    0x00000254   0x00000254   0x0000001c   Code   RO         1077    !!handler_zi        c_w.l(__scatter_zi.o)
    0x00000270   0x00000270   0x00000000   Code   RO          743    .ARM.Collect$$_printf_percent$$00000000  c_w.l(_printf_percent.o)
    0x00000270   0x00000270   0x00000006   Code   RO          742    .ARM.Collect$$_printf_percent$$00000003  c_w.l(_printf_f.o)
    0x00000276   0x00000276   0x00000006   Code   RO          740    .ARM.Collect$$_printf_percent$$00000009  c_w.l(_printf_d.o)
    0x0000027c   0x0000027c   0x00000006   Code   RO          741    .ARM.Collect$$_printf_percent$$0000000A  c_w.l(_printf_u.o)
    0x00000282   0x00000282   0x00000004   Code   RO          805    .ARM.Collect$$_printf_percent$$00000017  c_w.l(_printf_percent_end.o)
    0x00000286   0x00000286   0x00000002   Code   RO          944    .ARM.Collect$$libinit$$00000000  c_w.l(libinit.o)
    0x00000288   0x00000288   0x00000004   Code   RO          945    .ARM.Collect$$libinit$$00000001  c_w.l(libinit2.o)
    0x0000028c   0x0000028c   0x00000000   Code   RO          948    .ARM.Collect$$libinit$$00000004  c_w.l(libinit2.o)
    0x0000028c   0x0000028c   0x00000000   Code   RO          951    .ARM.Collect$$libinit$$0000000A  c_w.l(libinit2.o)
    0x0000028c   0x0000028c   0x00000000   Code   RO          953    .ARM.Collect$$libinit$$0000000C  c_w.l(libinit2.o)
    0x0000028c   0x0000028c   0x00000000   Code   RO          955    .ARM.Collect$$libinit$$0000000E  c_w.l(libinit2.o)
    0x0000028c   0x0000028c   0x00000006   Code   RO          956    .ARM.Collect$$libinit$$0000000F  c_w.l(libinit2.o)
    0x00000292   0x00000292   0x00000000   Code   RO          958    .ARM.Collect$$libinit$$00000011  c_w.l(libinit2.o)
    0x00000292   0x00000292   0x00000000   Code   RO          960    .ARM.Collect$$libinit$$00000013  c_w.l(libinit2.o)
    0x00000292   0x00000292   0x00000000   Code   RO          962    .ARM.Collect$$libinit$$00000015  c_w.l(libinit2.o)
    0x00000292   0x00000292   0x0000000a   Code   RO          963    .ARM.Collect$$libinit$$00000016  c_w.l(libinit2.o)
    0x0000029c   0x0000029c   0x00000000   Code   RO          964    .ARM.Collect$$libinit$$00000017  c_w.l(libinit2.o)
    0x0000029c   0x0000029c   0x00000000   Code   RO          966    .ARM.Collect$$libinit$$00000019  c_w.l(libinit2.o)
    0x0000029c   0x0000029c   0x00000000   Code   RO          968    .ARM.Collect$$libinit$$0000001B  c_w.l(libinit2.o)
    0x0000029c   0x0000029c   0x00000000   Code   RO          970    .ARM.Collect$$libinit$$0000001D  c_w.l(libinit2.o)
    0x0000029c   0x0000029c   0x00000000   Code   RO          972    .ARM.Collect$$libinit$$0000001F  c_w.l(libinit2.o)
    0x0000029c   0x0000029c   0x00000000   Code   RO          974    .ARM.Collect$$libinit$$00000021  c_w.l(libinit2.o)
    0x0000029c   0x0000029c   0x00000000   Code   RO          976    .ARM.Collect$$libinit$$00000023  c_w.l(libinit2.o)
    0x0000029c   0x0000029c   0x00000000   Code   RO          978    .ARM.Collect$$libinit$$00000025  c_w.l(libinit2.o)
    0x0000029c   0x0000029c   0x00000000   Code   RO          982    .ARM.Collect$$libinit$$0000002C  c_w.l(libinit2.o)
    0x0000029c   0x0000029c   0x00000000   Code   RO          984    .ARM.Collect$$libinit$$0000002E  c_w.l(libinit2.o)
    0x0000029c   0x0000029c   0x00000000   Code   RO          986    .ARM.Collect$$libinit$$00000030  c_w.l(libinit2.o)
    0x0000029c   0x0000029c   0x00000000   Code   RO          988    .ARM.Collect$$libinit$$00000032  c_w.l(libinit2.o)
    0x0000029c   0x0000029c   0x00000002   Code   RO          989    .ARM.Collect$$libinit$$00000033  c_w.l(libinit2.o)
    0x0000029e   0x0000029e   0x00000002   Code   RO         1019    .ARM.Collect$$libshutdown$$00000000  c_w.l(libshutdown.o)
    0x000002a0   0x000002a0   0x00000000   Code   RO         1030    .ARM.Collect$$libshutdown$$00000002  c_w.l(libshutdown2.o)
    0x000002a0   0x000002a0   0x00000000   Code   RO         1032    .ARM.Collect$$libshutdown$$00000004  c_w.l(libshutdown2.o)
    0x000002a0   0x000002a0   0x00000000   Code   RO         1034    .ARM.Collect$$libshutdown$$00000006  c_w.l(libshutdown2.o)
    0x000002a0   0x000002a0   0x00000000   Code   RO         1037    .ARM.Collect$$libshutdown$$00000009  c_w.l(libshutdown2.o)
    0x000002a0   0x000002a0   0x00000000   Code   RO         1040    .ARM.Collect$$libshutdown$$0000000C  c_w.l(libshutdown2.o)
    0x000002a0   0x000002a0   0x00000000   Code   RO         1042    .ARM.Collect$$libshutdown$$0000000E  c_w.l(libshutdown2.o)
    0x000002a0   0x000002a0   0x00000000   Code   RO         1045    .ARM.Collect$$libshutdown$$00000011  c_w.l(libshutdown2.o)
    0x000002a0   0x000002a0   0x00000002   Code   RO         1046    .ARM.Collect$$libshutdown$$00000012  c_w.l(libshutdown2.o)
    0x000002a2   0x000002a2   0x00000000   Code   RO          794    .ARM.Collect$$rtentry$$00000000  c_w.l(__rtentry.o)
    0x000002a2   0x000002a2   0x00000000   Code   RO          854    .ARM.Collect$$rtentry$$00000002  c_w.l(__rtentry2.o)
    0x000002a2   0x000002a2   0x00000006   Code   RO          866    .ARM.Collect$$rtentry$$00000004  c_w.l(__rtentry4.o)
    0x000002a8   0x000002a8   0x00000000   Code   RO          856    .ARM.Collect$$rtentry$$00000009  c_w.l(__rtentry2.o)
    0x000002a8   0x000002a8   0x00000004   Code   RO          857    .ARM.Collect$$rtentry$$0000000A  c_w.l(__rtentry2.o)
    0x000002ac   0x000002ac   0x00000000   Code   RO          859    .ARM.Collect$$rtentry$$0000000C  c_w.l(__rtentry2.o)
    0x000002ac   0x000002ac   0x00000008   Code   RO          860    .ARM.Collect$$rtentry$$0000000D  c_w.l(__rtentry2.o)
    0x000002b4   0x000002b4   0x00000002   Code   RO          990    .ARM.Collect$$rtexit$$00000000  c_w.l(rtexit.o)
    0x000002b6   0x000002b6   0x00000000   Code   RO          997    .ARM.Collect$$rtexit$$00000002  c_w.l(rtexit2.o)
    0x000002b6   0x000002b6   0x00000004   Code   RO          998    .ARM.Collect$$rtexit$$00000003  c_w.l(rtexit2.o)
    0x000002ba   0x000002ba   0x00000006   Code   RO          999    .ARM.Collect$$rtexit$$00000004  c_w.l(rtexit2.o)
    0x000002c0   0x000002c0   0x0000003c   Code   RO          647  * .text               startup_msp432e401y_uvision.o
    0x000002fc   0x000002fc   0x00000028   Code   RO          714    .text               c_w.l(noretval__2sprintf.o)
    0x00000324   0x00000324   0x00000068   Code   RO          716    .text               c_w.l(__printf.o)
    0x0000038c   0x0000038c   0x00000078   Code   RO          718    .text               c_w.l(_printf_dec.o)
    0x00000404   0x00000404   0x00000006   Code   RO          744    .text               c_w.l(heapauxi.o)
    0x0000040a   0x0000040a   0x00000016   Code   RO          795    .text               c_w.l(_rserrno.o)
    0x00000420   0x00000420   0x000000b2   Code   RO          797    .text               c_w.l(_printf_intcommon.o)
    0x000004d2   0x000004d2   0x0000041e   Code   RO          799    .text               c_w.l(_printf_fp_dec.o)
    0x000008f0   0x000008f0   0x00000030   Code   RO          801    .text               c_w.l(_printf_char_common.o)
    0x00000920   0x00000920   0x0000000a   Code   RO          803    .text               c_w.l(_sputc.o)
    0x0000092a   0x0000092a   0x00000002   PAD
    0x0000092c   0x0000092c   0x00000008   Code   RO          871    .text               c_w.l(rt_locale_intlibspace.o)
    0x00000934   0x00000934   0x00000008   Code   RO          876    .text               c_w.l(rt_errno_addr_intlibspace.o)
    0x0000093c   0x0000093c   0x0000008a   Code   RO          878    .text               c_w.l(lludiv10.o)
    0x000009c6   0x000009c6   0x00000002   PAD
    0x000009c8   0x000009c8   0x00000080   Code   RO          880    .text               c_w.l(_printf_fp_infnan.o)
    0x00000a48   0x00000a48   0x000000e4   Code   RO          884    .text               c_w.l(bigflt0.o)
    0x00000b2c   0x00000b2c   0x00000008   Code   RO          930    .text               c_w.l(libspace.o)
    0x00000b34   0x00000b34   0x0000004a   Code   RO          933    .text               c_w.l(sys_stackheap_outer.o)
    0x00000b7e   0x00000b7e   0x00000012   Code   RO          935    .text               c_w.l(exit.o)
    0x00000b90   0x00000b90   0x00000080   Code   RO          937    .text               c_w.l(strcmpv7m.o)
    0x00000c10   0x00000c10   0x0000000c   Code   RO         1009    .text               c_w.l(sys_exit.o)
    0x00000c1c   0x00000c1c   0x00000002   Code   RO         1020    .text               c_w.l(use_no_semi.o)
    0x00000c1e   0x00000c1e   0x00000000   Code   RO         1022    .text               c_w.l(indicate_semi.o)
    0x00000c1e   0x00000c1e   0x0000003e   Code   RO          887    CL$$btod_d2e        c_w.l(btod.o)
    0x00000c5c   0x00000c5c   0x00000046   Code   RO          889    CL$$btod_d2e_denorm_low  c_w.l(btod.o)
    0x00000ca2   0x00000ca2   0x00000060   Code   RO          888    CL$$btod_d2e_norm_op1  c_w.l(btod.o)
    0x00000d02   0x00000d02   0x00000338   Code   RO          897    CL$$btod_div_common  c_w.l(btod.o)
    0x0000103a   0x0000103a   0x000000dc   Code   RO          894    CL$$btod_e2e        c_w.l(btod.o)
    0x00001116   0x00001116   0x0000002a   Code   RO          891    CL$$btod_ediv       c_w.l(btod.o)
    0x00001140   0x00001140   0x0000002a   Code   RO          890    CL$$btod_emul       c_w.l(btod.o)
    0x0000116a   0x0000116a   0x00000244   Code   RO          896    CL$$btod_mult_common  c_w.l(btod.o)
    0x000013ae   0x000013ae   0x00000002   PAD
    0x000013b0   0x000013b0   0x0000005c   Code   RO          455    i.FlashAllLEDs      onboardleds.o
    0x0000140c   0x0000140c   0x00000014   Code   RO          456    i.FlashI2CError     onboardleds.o
    0x00001420   0x00001420   0x0000000a   Code   RO          457    i.FlashI2CRx        onboardleds.o
    0x0000142a   0x0000142a   0x0000000a   Code   RO          458    i.FlashI2CTx        onboardleds.o
    0x00001434   0x00001434   0x00000044   Code   RO          459    i.FlashLED1         onboardleds.o
    0x00001478   0x00001478   0x00000044   Code   RO          460    i.FlashLED2         onboardleds.o
    0x000014bc   0x000014bc   0x00000044   Code   RO          461    i.FlashLED3         onboardleds.o
    0x00001500   0x00001500   0x00000044   Code   RO          462    i.FlashLED4         onboardleds.o
    0x00001544   0x00001544   0x0000008c   Code   RO          560    i.I2C_Init          2dx_studio_8c.o
    0x000015d0   0x000015d0   0x00000118   Code   RO            1    i.PLL_Init          pll.o
    0x000016e8   0x000016e8   0x00000038   Code   RO          561    i.PortE_Init        2dx_studio_8c.o
    0x00001720   0x00001720   0x00000038   Code   RO          562    i.PortF0F4_Init     2dx_studio_8c.o
    0x00001758   0x00001758   0x00000064   Code   RO          564    i.PortH_Init        2dx_studio_8c.o
    0x000017bc   0x000017bc   0x00000038   Code   RO          565    i.PortN0N1_Init     2dx_studio_8c.o
    0x000017f4   0x000017f4   0x00000058   Code   RO          518    i.Status_Check      uart.o
    0x0000184c   0x0000184c   0x00000018   Code   RO           21    i.SysTick_Init      systick.o
    0x00001864   0x00001864   0x00000020   Code   RO           22    i.SysTick_Wait      systick.o
    0x00001884   0x00001884   0x00000018   Code   RO           23    i.SysTick_Wait100us  systick.o
    0x0000189c   0x0000189c   0x0000001c   Code   RO           24    i.SysTick_Wait10ms  systick.o
    0x000018b8   0x000018b8   0x00000020   Code   RO          656    i.SystemInit        system_msp432e401y.o
    0x000018d8   0x000018d8   0x000000cc   Code   RO          520    i.UART_Init         uart.o
    0x000019a4   0x000019a4   0x00000018   Code   RO          521    i.UART_OutChar      uart.o
    0x000019bc   0x000019bc   0x00000018   Code   RO          522    i.UART_printf       uart.o
    0x000019d4   0x000019d4   0x00000022   Code   RO          179    i.VL53L1X_BootState  vl53l1x_api.o
    0x000019f6   0x000019f6   0x0000003e   Code   RO          180    i.VL53L1X_CheckForDataReady  vl53l1x_api.o
    0x00001a34   0x00001a34   0x00000016   Code   RO          181    i.VL53L1X_ClearInterrupt  vl53l1x_api.o
    0x00001a4a   0x00001a4a   0x00000026   Code   RO          183    i.VL53L1X_GetAmbientRate  vl53l1x_api.o
    0x00001a70   0x00001a70   0x0000001e   Code   RO          184    i.VL53L1X_GetDistance  vl53l1x_api.o
    0x00001a8e   0x00001a8e   0x00000032   Code   RO          190    i.VL53L1X_GetInterruptPolarity  vl53l1x_api.o
    0x00001ac0   0x00001ac0   0x0000003c   Code   RO          194    i.VL53L1X_GetRangeStatus  vl53l1x_api.o
    0x00001afc   0x00001afc   0x00000024   Code   RO          197    i.VL53L1X_GetSensorId  vl53l1x_api.o
    0x00001b20   0x00001b20   0x00000026   Code   RO          200    i.VL53L1X_GetSignalRate  vl53l1x_api.o
    0x00001b46   0x00001b46   0x00000020   Code   RO          202    i.VL53L1X_GetSpadNb  vl53l1x_api.o
    0x00001b66   0x00001b66   0x00000002   PAD
    0x00001b68   0x00001b68   0x000000e4   Code   RO          205    i.VL53L1X_SensorInit  vl53l1x_api.o
    0x00001c4c   0x00001c4c   0x00000016   Code   RO          218    i.VL53L1X_StartRanging  vl53l1x_api.o
    0x00001c62   0x00001c62   0x00000016   Code   RO          220    i.VL53L1X_StopRanging  vl53l1x_api.o
    0x00001c78   0x00001c78   0x00000024   Code   RO           51    i.VL53L1_RdByte     vl53l1_platform_2dx4.o
    0x00001c9c   0x00001c9c   0x00000038   Code   RO           53    i.VL53L1_RdWord     vl53l1_platform_2dx4.o
    0x00001cd4   0x00001cd4   0x00000020   Code   RO           55    i.VL53L1_WaitMs     vl53l1_platform_2dx4.o
    0x00001cf4   0x00001cf4   0x0000001e   Code   RO           56    i.VL53L1_WrByte     vl53l1_platform_2dx4.o
    0x00001d12   0x00001d12   0x00000030   Code   RO          926    i.__ARM_fpclassify  m_wm.l(fpclassify.o)
    0x00001d42   0x00001d42   0x00000006   PAD
    0x00001d48   0x00001d48   0x000000c8   Code   RO          766    i.__hardfp_cos      m_wm.l(cos.o)
    0x00001e10   0x00001e10   0x000000e0   Code   RO          778    i.__hardfp_round    m_wm.l(round.o)
    0x00001ef0   0x00001ef0   0x000000c8   Code   RO          782    i.__hardfp_sin      m_wm.l(sin.o)
    0x00001fb8   0x00001fb8   0x00000438   Code   RO          842    i.__ieee754_rem_pio2  m_wm.l(rred.o)
    0x000023f0   0x000023f0   0x00000170   Code   RO          825    i.__kernel_cos      m_wm.l(cos_i.o)
    0x00002560   0x00002560   0x000000f8   Code   RO          928    i.__kernel_poly     m_wm.l(poly.o)
    0x00002658   0x00002658   0x00000130   Code   RO          847    i.__kernel_sin      m_wm.l(sin_i.o)
    0x00002788   0x00002788   0x00000014   Code   RO          829    i.__mathlib_dbl_infnan  m_wm.l(dunder.o)
    0x0000279c   0x0000279c   0x00000004   PAD
    0x000027a0   0x000027a0   0x00000020   Code   RO          831    i.__mathlib_dbl_invalid  m_wm.l(dunder.o)
    0x000027c0   0x000027c0   0x00000020   Code   RO          834    i.__mathlib_dbl_underflow  m_wm.l(dunder.o)
    0x000027e0   0x000027e0   0x00000020   Code   RO           60    i.beginRxI2C        vl53l1_platform_2dx4.o
    0x00002800   0x00002800   0x00000020   Code   RO           61    i.beginTxI2C        vl53l1_platform_2dx4.o
    0x00002820   0x00002820   0x00000018   Code   RO          922    i.fabs              m_wm.l(fabs.o)
    0x00002838   0x00002838   0x00000280   Code   RO          567    i.main              2dx_studio_8c.o
    0x00002ab8   0x00002ab8   0x000000c4   Code   RO          463    i.onboardLEDs_Init  onboardleds.o
    0x00002b7c   0x00002b7c   0x0000004c   Code   RO           62    i.readI2C           vl53l1_platform_2dx4.o
    0x00002bc8   0x00002bc8   0x00000078   Code   RO          568    i.spin              2dx_studio_8c.o
    0x00002c40   0x00002c40   0x00000050   Code   RO          569    i.spinBack          2dx_studio_8c.o
    0x00002c90   0x00002c90   0x000000a0   Code   RO           63    i.writeI2C          vl53l1_platform_2dx4.o
    0x00002d30   0x00002d30   0x00000088   Code   RO           64    i.writeRegisterIndex  vl53l1_platform_2dx4.o
    0x00002db8   0x00002db8   0x00000088   Code   RO           65    i.writeRegisterIndex_nostop  vl53l1_platform_2dx4.o
    0x00002e40   0x00002e40   0x0000002c   Code   RO          910    locale$$code        c_w.l(lc_numeric_c.o)
    0x00002e6c   0x00002e6c   0x00000018   Code   RO          806    x$fpl$basic         fz_wm.l(basic.o)
    0x00002e84   0x00002e84   0x00000150   Code   RO          808    x$fpl$dadd          fz_wm.l(daddsub_clz.o)
    0x00002fd4   0x00002fd4   0x00000018   Code   RO          912    x$fpl$dcmpinf       fz_wm.l(dcmpi.o)
    0x00002fec   0x00002fec   0x000002b0   Code   RO          749    x$fpl$ddiv          fz_wm.l(ddiv.o)
    0x0000329c   0x0000329c   0x0000005e   Code   RO          914    x$fpl$dfix          fz_wm.l(dfix.o)
    0x000032fa   0x000032fa   0x0000002e   Code   RO          757    x$fpl$dflt          fz_wm.l(dflt_clz.o)
    0x00003328   0x00003328   0x00000026   Code   RO          756    x$fpl$dfltu         fz_wm.l(dflt_clz.o)
    0x0000334e   0x0000334e   0x00000002   PAD
    0x00003350   0x00003350   0x00000078   Code   RO          814    x$fpl$dleqf         fz_wm.l(dleqf.o)
    0x000033c8   0x000033c8   0x00000154   Code   RO          762    x$fpl$dmul          fz_wm.l(dmul.o)
    0x0000351c   0x0000351c   0x0000009c   Code   RO          816    x$fpl$dnaninf       fz_wm.l(dnaninf.o)
    0x000035b8   0x000035b8   0x0000000c   Code   RO          818    x$fpl$dretinf       fz_wm.l(dretinf.o)
    0x000035c4   0x000035c4   0x0000006c   Code   RO          820    x$fpl$drleqf        fz_wm.l(drleqf.o)
    0x00003630   0x00003630   0x000000b4   Code   RO          822    x$fpl$drnd          fz_wm.l(drnd.o)
    0x000036e4   0x000036e4   0x00000016   Code   RO          809    x$fpl$drsb          fz_wm.l(daddsub_clz.o)
    0x000036fa   0x000036fa   0x00000002   PAD
    0x000036fc   0x000036fc   0x000001d4   Code   RO          810    x$fpl$dsub          fz_wm.l(daddsub_clz.o)
    0x000038d0   0x000038d0   0x0000000a   Code   RO          994    x$fpl$fpinit        fz_wm.l(fpinit.o)
    0x000038da   0x000038da   0x00000004   Code   RO          764    x$fpl$printf1       fz_wm.l(printf1.o)
    0x000038de   0x000038de   0x00000000   Code   RO          824    x$fpl$usenofp       fz_wm.l(usenofp.o)
    0x000038de   0x000038de   0x00000073   Data   RO          222    .constdata          vl53l1x_api.o
    0x00003951   0x00003951   0x00000007   PAD
    0x00003958   0x00003958   0x00000030   Data   RO          826    .constdata          m_wm.l(cos_i.o)
    0x00003988   0x00003988   0x000000c8   Data   RO          844    .constdata          m_wm.l(rred.o)
    0x00003a50   0x00003a50   0x00000028   Data   RO          848    .constdata          m_wm.l(sin_i.o)
    0x00003a78   0x00003a78   0x00000094   Data   RO          885    .constdata          c_w.l(bigflt0.o)
    0x00003b0c   0x00003b0c   0x00000020   Data   RO         1071    Region$$Table       anon$$obj.o
    0x00003b2c   0x00003b2c   0x0000001c   Data   RO          909    locale$$data        c_w.l(lc_numeric_c.o)


    Execution Region ER_RW (Exec base: 0x20000000, Load base: 0x00003b48, Size: 0x00000010, Max: 0xffffffff, ABSOLUTE)

    Exec Addr    Load Addr    Size         Type   Attr      Idx    E Section Name        Object

    0x20000000   0x00003b48   0x0000000c   Data   RW          571    .data               2dx_studio_8c.o
    0x2000000c   0x00003b54   0x00000004   Data   RW          657    .data               system_msp432e401y.o


    Execution Region ER_ZI (Exec base: 0x20000010, Load base: 0x00003b58, Size: 0x00000a60, Max: 0xffffffff, ABSOLUTE)

    Exec Addr    Load Addr    Size         Type   Attr      Idx    E Section Name        Object

    0x20000010        -       0x000003ff   Zero   RW          523    .bss                uart.o
    0x2000040f        -       0x000003ff   Zero   RW          570    .bss                2dx_studio_8c.o
    0x2000080e   0x00003b58   0x00000002   PAD
    0x20000810        -       0x00000060   Zero   RW          931    .bss                c_w.l(libspace.o)
    0x20000870        -       0x00000000   Zero   RW          645    HEAP                startup_msp432e401y_uvision.o
    0x20000870        -       0x00000200   Zero   RW          644    STACK               startup_msp432e401y_uvision.o


==============================================================================

Image component sizes


      Code (inc. data)   RO Data    RW Data    ZI Data      Debug   Object Name

      1248        200          0         12       1023       5073   2dx_studio_8c.o
       600         78          0          0          0       4596   onboardleds.o
       280         12          0          0          0       5051   pll.o
        60         22        508          0        512        964   startup_msp432e401y_uvision.o
        32         12          0          4          0        759   system_msp432e401y.o
       108          6          0          0          0       2781   systick.o
       340         78          0          0       1023       2264   uart.o
       726         38          0          0          0       7232   vl53l1_platform_2dx4.o
       674         66        115          0          0      11704   vl53l1x_api.o

    ----------------------------------------------------------------------
      4070        512        662         16       2560      40424   Object Totals
         0          0         32          0          0          0   (incl. Generated)
         2          0          7          0          2          0   (incl. Padding)

    ----------------------------------------------------------------------

      Code (inc. data)   RO Data    RW Data    ZI Data      Debug   Library Member Name

         8          0          0          0          0         68   __main.o
       104          0          0          0          0         84   __printf.o
         0          0          0          0          0          0   __rtentry.o
        12          0          0          0          0          0   __rtentry2.o
         6          0          0          0          0          0   __rtentry4.o
        52          8          0          0          0          0   __scatter.o
        26          0          0          0          0          0   __scatter_copy.o
        28          0          0          0          0          0   __scatter_zi.o
        48          6          0          0          0         96   _printf_char_common.o
         6          0          0          0          0          0   _printf_d.o
       120         16          0          0          0         92   _printf_dec.o
         6          0          0          0          0          0   _printf_f.o
      1054          0          0          0          0        216   _printf_fp_dec.o
       128         16          0          0          0         84   _printf_fp_infnan.o
       178          0          0          0          0         88   _printf_intcommon.o
         0          0          0          0          0          0   _printf_percent.o
         4          0          0          0          0          0   _printf_percent_end.o
         6          0          0          0          0          0   _printf_u.o
        22          0          0          0          0        100   _rserrno.o
        10          0          0          0          0         68   _sputc.o
       228          4        148          0          0         96   bigflt0.o
      1936        128          0          0          0        672   btod.o
        18          0          0          0          0         80   exit.o
         6          0          0          0          0        152   heapauxi.o
         0          0          0          0          0          0   indicate_semi.o
        44         10         28          0          0         76   lc_numeric_c.o
         2          0          0          0          0          0   libinit.o
        22          0          0          0          0          0   libinit2.o
         2          0          0          0          0          0   libshutdown.o
         2          0          0          0          0          0   libshutdown2.o
         8          4          0          0         96         68   libspace.o
       138          0          0          0          0         80   lludiv10.o
        40          6          0          0          0         84   noretval__2sprintf.o
         8          4          0          0          0         68   rt_errno_addr_intlibspace.o
         8          4          0          0          0         68   rt_locale_intlibspace.o
         2          0          0          0          0          0   rtexit.o
        10          0          0          0          0          0   rtexit2.o
       128          0          0          0          0         68   strcmpv7m.o
        12          4          0          0          0         68   sys_exit.o
        74          0          0          0          0         80   sys_stackheap_outer.o
         2          0          0          0          0         68   use_no_semi.o
        24          0          0          0          0        164   basic.o
       826         16          0          0          0        492   daddsub_clz.o
        24          0          0          0          0        116   dcmpi.o
       688        140          0          0          0        256   ddiv.o
        94          4          0          0          0        140   dfix.o
        84          0          0          0          0        232   dflt_clz.o
       120          4          0          0          0        140   dleqf.o
       340         12          0          0          0        152   dmul.o
       156          4          0          0          0        140   dnaninf.o
        12          0          0          0          0        116   dretinf.o
       108          0          0          0          0        128   drleqf.o
       180          4          0          0          0        128   drnd.o
        10          0          0          0          0        116   fpinit.o
         4          0          0          0          0        116   printf1.o
         0          0          0          0          0          0   usenofp.o
       200         20          0          0          0        164   cos.o
       368         46         48          0          0        200   cos_i.o
        84         16          0          0          0        372   dunder.o
        24          0          0          0          0        124   fabs.o
        48          0          0          0          0        124   fpclassify.o
       248          0          0          0          0        152   poly.o
       224         30          0          0          0        172   round.o
      1080        142        200          0          0        188   rred.o
       200         20          0          0          0        164   sin.o
       304         24         40          0          0        208   sin_i.o

    ----------------------------------------------------------------------
      9980        692        464          0         96       6928   Library Totals
        22          0          0          0          0          0   (incl. Padding)

    ----------------------------------------------------------------------

      Code (inc. data)   RO Data    RW Data    ZI Data      Debug   Library Name

      4508        210        176          0         96       2624   c_w.l
      2670        184          0          0          0       2436   fz_wm.l
      2780        298        288          0          0       1868   m_wm.l

    ----------------------------------------------------------------------
      9980        692        464          0         96       6928   Library Totals

    ----------------------------------------------------------------------

==============================================================================


      Code (inc. data)   RO Data    RW Data    ZI Data      Debug   

     14050       1204       1126         16       2656      38548   Grand Totals
     14050       1204       1126         16       2656      38548   ELF Image Totals
     14050       1204       1126         16          0          0   ROM Totals

==============================================================================

    Total RO  Size (Code + RO Data)                15176 (  14.82kB)
    Total RW  Size (RW Data + ZI Data)              2672 (   2.61kB)
    Total ROM Size (Code + RO Data + RW Data)      15192 (  14.84kB)

==============================================================================

